Archive member included to satisfy reference by file (symbol)

D:/STM32CubeIDE_1.17.0/STM32CubeIDE/plugins/com.st.stm32cube.ide.mcu.externaltools.gnu-tools-for-stm32.12.3.rel1.win32_1.1.0.202410251130/tools/bin/../lib/gcc/arm-none-eabi/12.3.1/../../../../arm-none-eabi/lib/thumb/v7e-m+fp/hard\libc_nano.a(libc_a-exit.o)
                              D:/STM32CubeIDE_1.17.0/STM32CubeIDE/plugins/com.st.stm32cube.ide.mcu.externaltools.gnu-tools-for-stm32.12.3.rel1.win32_1.1.0.202410251130/tools/bin/../lib/gcc/arm-none-eabi/12.3.1/../../../../arm-none-eabi/lib/thumb/v7e-m+fp/hard/crt0.o (exit)
D:/STM32CubeIDE_1.17.0/STM32CubeIDE/plugins/com.st.stm32cube.ide.mcu.externaltools.gnu-tools-for-stm32.12.3.rel1.win32_1.1.0.202410251130/tools/bin/../lib/gcc/arm-none-eabi/12.3.1/../../../../arm-none-eabi/lib/thumb/v7e-m+fp/hard\libc_nano.a(libc_a-itoa.o)
                              ./Core/Src/app_cli.o (itoa)
D:/STM32CubeIDE_1.17.0/STM32CubeIDE/plugins/com.st.stm32cube.ide.mcu.externaltools.gnu-tools-for-stm32.12.3.rel1.win32_1.1.0.202410251130/tools/bin/../lib/gcc/arm-none-eabi/12.3.1/../../../../arm-none-eabi/lib/thumb/v7e-m+fp/hard\libc_nano.a(libc_a-strtol.o)
                              ./Core/Src/app_cli.o (strtol)
D:/STM32CubeIDE_1.17.0/STM32CubeIDE/plugins/com.st.stm32cube.ide.mcu.externaltools.gnu-tools-for-stm32.12.3.rel1.win32_1.1.0.202410251130/tools/bin/../lib/gcc/arm-none-eabi/12.3.1/../../../../arm-none-eabi/lib/thumb/v7e-m+fp/hard\libc_nano.a(libc_a-utoa.o)
                              D:/STM32CubeIDE_1.17.0/STM32CubeIDE/plugins/com.st.stm32cube.ide.mcu.externaltools.gnu-tools-for-stm32.12.3.rel1.win32_1.1.0.202410251130/tools/bin/../lib/gcc/arm-none-eabi/12.3.1/../../../../arm-none-eabi/lib/thumb/v7e-m+fp/hard\libc_nano.a(libc_a-itoa.o) (__utoa)
D:/STM32CubeIDE_1.17.0/STM32CubeIDE/plugins/com.st.stm32cube.ide.mcu.externaltools.gnu-tools-for-stm32.12.3.rel1.win32_1.1.0.202410251130/tools/bin/../lib/gcc/arm-none-eabi/12.3.1/../../../../arm-none-eabi/lib/thumb/v7e-m+fp/hard\libc_nano.a(libc_a-ctype_.o)
                              D:/STM32CubeIDE_1.17.0/STM32CubeIDE/plugins/com.st.stm32cube.ide.mcu.externaltools.gnu-tools-for-stm32.12.3.rel1.win32_1.1.0.202410251130/tools/bin/../lib/gcc/arm-none-eabi/12.3.1/../../../../arm-none-eabi/lib/thumb/v7e-m+fp/hard\libc_nano.a(libc_a-strtol.o) (_ctype_)
D:/STM32CubeIDE_1.17.0/STM32CubeIDE/plugins/com.st.stm32cube.ide.mcu.externaltools.gnu-tools-for-stm32.12.3.rel1.win32_1.1.0.202410251130/tools/bin/../lib/gcc/arm-none-eabi/12.3.1/../../../../arm-none-eabi/lib/thumb/v7e-m+fp/hard\libc_nano.a(libc_a-nano-vfprintf_float.o)
                              (_printf_float)
D:/STM32CubeIDE_1.17.0/STM32CubeIDE/plugins/com.st.stm32cube.ide.mcu.externaltools.gnu-tools-for-stm32.12.3.rel1.win32_1.1.0.202410251130/tools/bin/../lib/gcc/arm-none-eabi/12.3.1/../../../../arm-none-eabi/lib/thumb/v7e-m+fp/hard\libc_nano.a(libc_a-nano-vfprintf_i.o)
                              D:/STM32CubeIDE_1.17.0/STM32CubeIDE/plugins/com.st.stm32cube.ide.mcu.externaltools.gnu-tools-for-stm32.12.3.rel1.win32_1.1.0.202410251130/tools/bin/../lib/gcc/arm-none-eabi/12.3.1/../../../../arm-none-eabi/lib/thumb/v7e-m+fp/hard\libc_nano.a(libc_a-nano-vfprintf_float.o) (_printf_common)
D:/STM32CubeIDE_1.17.0/STM32CubeIDE/plugins/com.st.stm32cube.ide.mcu.externaltools.gnu-tools-for-stm32.12.3.rel1.win32_1.1.0.202410251130/tools/bin/../lib/gcc/arm-none-eabi/12.3.1/../../../../arm-none-eabi/lib/thumb/v7e-m+fp/hard\libc_nano.a(libc_a-nano-vfscanf_float.o)
                              (_scanf_float)
D:/STM32CubeIDE_1.17.0/STM32CubeIDE/plugins/com.st.stm32cube.ide.mcu.externaltools.gnu-tools-for-stm32.12.3.rel1.win32_1.1.0.202410251130/tools/bin/../lib/gcc/arm-none-eabi/12.3.1/../../../../arm-none-eabi/lib/thumb/v7e-m+fp/hard\libc_nano.a(libc_a-fflush.o)
                              ./Core/Src/app_cli.o (fflush)
D:/STM32CubeIDE_1.17.0/STM32CubeIDE/plugins/com.st.stm32cube.ide.mcu.externaltools.gnu-tools-for-stm32.12.3.rel1.win32_1.1.0.202410251130/tools/bin/../lib/gcc/arm-none-eabi/12.3.1/../../../../arm-none-eabi/lib/thumb/v7e-m+fp/hard\libc_nano.a(libc_a-findfp.o)
                              ./Middlewares/Third_Party/FreeRTOS/Source/tasks.o (__sf)
D:/STM32CubeIDE_1.17.0/STM32CubeIDE/plugins/com.st.stm32cube.ide.mcu.externaltools.gnu-tools-for-stm32.12.3.rel1.win32_1.1.0.202410251130/tools/bin/../lib/gcc/arm-none-eabi/12.3.1/../../../../arm-none-eabi/lib/thumb/v7e-m+fp/hard\libc_nano.a(libc_a-fwalk.o)
                              D:/STM32CubeIDE_1.17.0/STM32CubeIDE/plugins/com.st.stm32cube.ide.mcu.externaltools.gnu-tools-for-stm32.12.3.rel1.win32_1.1.0.202410251130/tools/bin/../lib/gcc/arm-none-eabi/12.3.1/../../../../arm-none-eabi/lib/thumb/v7e-m+fp/hard\libc_nano.a(libc_a-fflush.o) (_fwalk_sglue)
[...]
Memory Configuration

Name             Origin             Length             Attributes
CCMRAM           0x10000000         0x00010000         xrw
RAM              0x20000000         0x00020000         xrw
FLASH            0x08000000         0x00080000         xr
*default*        0x00000000         0xffffffff

Linker script and memory map

LOAD D:/STM32CubeIDE_1.17.0/STM32CubeIDE/plugins/com.st.stm32cube.ide.mcu.externaltools.gnu-tools-for-stm32.12.3.rel1.win32_1.1.0.202410251130/tools/bin/../lib/gcc/arm-none-eabi/12.3.1/thumb/v7e-m+fp/hard/crti.o
LOAD D:/STM32CubeIDE_1.17.0/STM32CubeIDE/plugins/com.st.stm32cube.ide.mcu.externaltools.gnu-tools-for-stm32.12.3.rel1.win32_1.1.0.202410251130/tools/bin/../lib/gcc/arm-none-eabi/12.3.1/thumb/v7e-m+fp/hard/crtbegin.o
LOAD D:/STM32CubeIDE_1.17.0/STM32CubeIDE/plugins/com.st.stm32cube.ide.mcu.externaltools.gnu-tools-for-stm32.12.3.rel1.win32_1.1.0.202410251130/tools/bin/../lib/gcc/arm-none-eabi/12.3.1/../../../../arm-none-eabi/lib/thumb/v7e-m+fp/hard/crt0.o
LOAD ./Core/Src/FreeRTOS_CLI.o
LOAD ./Core/Src/app_cli.o
LOAD ./Core/Src/eth.o
LOAD ./Core/Src/freertos.o
LOAD ./Core/Src/gpio.o
LOAD ./Core/Src/main.o
LOAD ./Core/Src/printf_uart.o
LOAD ./Core/Src/rng.o
LOAD ./Core/Src/sdio.o
LOAD ./Core/Src/stm32f4xx_hal_msp.o
LOAD ./Core/Src/stm32f4xx_hal_timebase_tim.o
LOAD ./Core/Src/stm32f4xx_it.o
LOAD ./Core/Src/syscalls.o
LOAD ./Core/Src/sysmem.o
LOAD ./Core/Src/system_stm32f4xx.o
LOAD ./Core/Src/tim.o
LOAD ./Core/Src/usart.o
LOAD ./Core/Startup/startup_stm32f407vetx.o
LOAD ./Drivers/STM32F4xx_HAL_Driver/Src/stm32f4xx_hal.o
LOAD ./Drivers/STM32F4xx_HAL_Driver/Src/stm32f4xx_hal_cortex.o
LOAD ./Drivers/STM32F4xx_HAL_Driver/Src/stm32f4xx_hal_dma.o
LOAD ./Drivers/STM32F4xx_HAL_Driver/Src/stm32f4xx_hal_dma_ex.o
LOAD ./Drivers/STM32F4xx_HAL_Driver/Src/stm32f4xx_hal_eth.o
LOAD ./Drivers/STM32F4xx_HAL_Driver/Src/stm32f4xx_hal_exti.o
LOAD ./Drivers/STM32F4xx_HAL_Driver/Src/stm32f4xx_hal_flash.o
LOAD ./Drivers/STM32F4xx_HAL_Driver/Src/stm32f4xx_hal_flash_ex.o
LOAD ./Drivers/STM32F4xx_HAL_Driver/Src/stm32f4xx_hal_flash_ramfunc.o
LOAD ./Drivers/STM32F4xx_HAL_Driver/Src/stm32f4xx_hal_gpio.o
LOAD ./Drivers/STM32F4xx_HAL_Driver/Src/stm32f4xx_hal_mmc.o
LOAD ./Drivers/STM32F4xx_HAL_Driver/Src/stm32f4xx_hal_pwr.o
LOAD ./Drivers/STM32F4xx_HAL_Driver/Src/stm32f4xx_hal_pwr_ex.o
LOAD ./Drivers/STM32F4xx_HAL_Driver/Src/stm32f4xx_hal_rcc.o
LOAD ./Drivers/STM32F4xx_HAL_Driver/Src/stm32f4xx_hal_rcc_ex.o
LOAD ./Drivers/STM32F4xx_HAL_Driver/Src/stm32f4xx_hal_rng.o
LOAD ./Drivers/STM32F4xx_HAL_Driver/Src/stm32f4xx_hal_sd.o
LOAD ./Drivers/STM32F4xx_HAL_Driver/Src/stm32f4xx_hal_tim.o
LOAD ./Drivers/STM32F4xx_HAL_Driver/Src/stm32f4xx_hal_tim_ex.o
LOAD ./Drivers/STM32F4xx_HAL_Driver/Src/stm32f4xx_hal_uart.o
LOAD ./Drivers/STM32F4xx_HAL_Driver/Src/stm32f4xx_ll_sdmmc.o
LOAD ./FATFS/App/fatfs.o
LOAD ./FATFS/Target/bsp_driver_sd.o
LOAD ./FATFS/Target/sd_diskio.o
LOAD ./Middlewares/Third_Party/FatFs/src/diskio.o
LOAD ./Middlewares/Third_Party/FatFs/src/ff.o
LOAD ./Middlewares/Third_Party/FatFs/src/ff_gen_drv.o
LOAD ./Middlewares/Third_Party/FatFs/src/option/syscall.o
LOAD ./Middlewares/Third_Party/FreeRTOS/Source/CMSIS_RTOS_V2/cmsis_os2.o
LOAD ./Middlewares/Third_Party/FreeRTOS/Source/croutine.o
LOAD ./Middlewares/Third_Party/FreeRTOS/Source/event_groups.o
LOAD ./Middlewares/Third_Party/FreeRTOS/Source/list.o
LOAD ./Middlewares/Third_Party/FreeRTOS/Source/queue.o
LOAD ./Middlewares/Third_Party/FreeRTOS/Source/stream_buffer.o
LOAD ./Middlewares/Third_Party/FreeRTOS/Source/tasks.o
LOAD ./Middlewares/Third_Party/FreeRTOS/Source/timers.o
LOAD ./Middlewares/Third_Party/FreeRTOS/Source/portable/GCC/ARM_CM4F/port.o
LOAD ./Middlewares/Third_Party/FreeRTOS/Source/portable/MemMang/heap_4.o
START GROUP
LOAD D:/STM32CubeIDE_1.17.0/STM32CubeIDE/plugins/com.st.stm32cube.ide.mcu.externaltools.gnu-tools-for-stm32.12.3.rel1.win32_1.1.0.202410251130/tools/bin/../lib/gcc/arm-none-eabi/12.3.1/../../../../arm-none-eabi/lib/thumb/v7e-m+fp/hard\libc_nano.a
LOAD D:/STM32CubeIDE_1.17.0/STM32CubeIDE/plugins/com.st.stm32cube.ide.mcu.externaltools.gnu-tools-for-stm32.12.3.rel1.win32_1.1.0.202410251130/tools/bin/../lib/gcc/arm-none-eabi/12.3.1/../../../../arm-none-eabi/lib/thumb/v7e-m+fp/hard\libm.a
END GROUP
START GROUP
LOAD D:/STM32CubeIDE_1.17.0/STM32CubeIDE/plugins/com.st.stm32cube.ide.mcu.externaltools.gnu-tools-for-stm32.12.3.rel1.win32_1.1.0.202410251130/tools/bin/../lib/gcc/arm-none-eabi/12.3.1/thumb/v7e-m+fp/hard\libgcc.a
LOAD D:/STM32CubeIDE_1.17.0/STM32CubeIDE/plugins/com.st.stm32cube.ide.mcu.externaltools.gnu-tools-for-stm32.12.3.rel1.win32_1.1.0.202410251130/tools/bin/../lib/gcc/arm-none-eabi/12.3.1/../../../../arm-none-eabi/lib/thumb/v7e-m+fp/hard\libc_nano.a
END GROUP
START GROUP
LOAD D:/STM32CubeIDE_1.17.0/STM32CubeIDE/plugins/com.st.stm32cube.ide.mcu.externaltools.gnu-tools-for-stm32.12.3.rel1.win32_1.1.0.202410251130/tools/bin/../lib/gcc/arm-none-eabi/12.3.1/thumb/v7e-m+fp/hard\libgcc.a
LOAD D:/STM32CubeIDE_1.17.0/STM32CubeIDE/plugins/com.st.stm32cube.ide.mcu.externaltools.gnu-tools-for-stm32.12.3.rel1.win32_1.1.0.202410251130/tools/bin/../lib/gcc/arm-none-eabi/12.3.1/../../../../arm-none-eabi/lib/thumb/v7e-m+fp/hard\libc_nano.a
LOAD D:/STM32CubeIDE_1.17.0/STM32CubeIDE/plugins/com.st.stm32cube.ide.mcu.externaltools.gnu-tools-for-stm32.12.3.rel1.win32_1.1.0.202410251130/tools/bin/../lib/gcc/arm-none-eabi/12.3.1/../../../../arm-none-eabi/lib/thumb/v7e-m+fp/hard\libnosys.a
END GROUP
START GROUP
LOAD D:/STM32CubeIDE_1.17.0/STM32CubeIDE/plugins/com.st.stm32cube.ide.mcu.externaltools.gnu-tools-for-stm32.12.3.rel1.win32_1.1.0.202410251130/tools/bin/../lib/gcc/arm-none-eabi/12.3.1/thumb/v7e-m+fp/hard\libgcc.a
LOAD D:/STM32CubeIDE_1.17.0/STM32CubeIDE/plugins/com.st.stm32cube.ide.mcu.externaltools.gnu-tools-for-stm32.12.3.rel1.win32_1.1.0.202410251130/tools/bin/../lib/gcc/arm-none-eabi/12.3.1/../../../../arm-none-eabi/lib/thumb/v7e-m+fp/hard\libc_nano.a
LOAD D:/STM32CubeIDE_1.17.0/STM32CubeIDE/plugins/com.st.stm32cube.ide.mcu.externaltools.gnu-tools-for-stm32.12.3.rel1.win32_1.1.0.202410251130/tools/bin/../lib/gcc/arm-none-eabi/12.3.1/../../../../arm-none-eabi/lib/thumb/v7e-m+fp/hard\libnosys.a
END GROUP
LOAD D:/STM32CubeIDE_1.17.0/STM32CubeIDE/plugins/com.st.stm32cube.ide.mcu.externaltools.gnu-tools-for-stm32.12.3.rel1.win32_1.1.0.202410251130/tools/bin/../lib/gcc/arm-none-eabi/12.3.1/thumb/v7e-m+fp/hard/crtend.o
LOAD D:/STM32CubeIDE_1.17.0/STM32CubeIDE/plugins/com.st.stm32cube.ide.mcu.externaltools.gnu-tools-for-stm32.12.3.rel1.win32_1.1.0.202410251130/tools/bin/../lib/gcc/arm-none-eabi/12.3.1/thumb/v7e-m+fp/hard/crtn.o
                0x20020000                        _estack = (ORIGIN (RAM) + LENGTH (RAM))
                0x00000400                        _Min_Heap_Size = 0x400
                0x00000800                        _Min_Stack_Size = 0x800

.isr_vector     0x08000000      0x188
                0x08000000                        . = ALIGN (0x4)
 *(.isr_vector)
 .isr_vector    0x08000000      0x188 ./Core/Startup/startup_stm32f407vetx.o
                0x08000000                g_pfnVectors
                0x08000188                        . = ALIGN (0x4)

.text           0x08000190     0xe4bc
                0x08000190                        . = ALIGN (0x4)
 *(.text)
 .text          0x08000190       0x40 D:/STM32CubeIDE_1.17.0/STM32CubeIDE/plugins/com.st.stm32cube.ide.mcu.externaltools.gnu-tools-for-stm32.12.3.rel1.win32_1.1.0.202410251130/tools/bin/../lib/gcc/arm-none-eabi/12.3.1/thumb/v7e-m+fp/hard/crtbegin.o
 .text          0x080001d0       0xa0 D:/STM32CubeIDE_1.17.0/STM32CubeIDE/plugins/com.st.stm32cube.ide.mcu.externaltools.gnu-tools-for-stm32.12.3.rel1.win32_1.1.0.202410251130/tools/bin/../lib/gcc/arm-none-eabi/12.3.1/../../../../arm-none-eabi/lib/thumb/v7e-m+fp/hard\libc_nano.a(libc_a-memchr.o)
                0x080001d0                memchr
 .text          0x08000270       0x10 D:/STM32CubeIDE_1.17.0/STM32CubeIDE/plugins/com.st.stm32cube.ide.mcu.externaltools.gnu-tools-for-stm32.12.3.rel1.win32_1.1.0.202410251130/tools/bin/../lib/gcc/arm-none-eabi/12.3.1/../../../../arm-none-eabi/lib/thumb/v7e-m+fp/hard\libc_nano.a(libc_a-strlen.o)
                0x08000270                strlen
 .text          0x08000280      0x378 D:/STM32CubeIDE_1.17.0/STM32CubeIDE/plugins/com.st.stm32cube.ide.mcu.externaltools.gnu-tools-for-stm32.12.3.rel1.win32_1.1.0.202410251130/tools/bin/../lib/gcc/arm-none-eabi/12.3.1/thumb/v7e-m+fp/hard\libgcc.a(_arm_addsubdf3.o)
                0x08000280                __aeabi_drsub
                0x08000288                __aeabi_dsub
                0x08000288                __subdf3
                0x0800028c                __aeabi_dadd
                0x0800028c                __adddf3
                0x08000504                __floatunsidf
                0x08000504                __aeabi_ui2d
                0x08000524                __floatsidf
                0x08000524                __aeabi_i2d
                0x08000548                __aeabi_f2d
                0x08000548                __extendsfdf2
                0x0800058c                __floatundidf
                0x0800058c                __aeabi_ul2d
                0x0800059c                __floatdidf
                0x0800059c                __aeabi_l2d
 .text          0x080005f8      0x424 D:/STM32CubeIDE_1.17.0/STM32CubeIDE/plugins/com.st.stm32cube.ide.mcu.externaltools.gnu-tools-for-stm32.12.3.rel1.win32_1.1.0.202410251130/tools/bin/../lib/gcc/arm-none-eabi/12.3.1/thumb/v7e-m+fp/hard\libgcc.a(_arm_muldivdf3.o)
                0x080005f8                __aeabi_dmul
                0x080005f8                __muldf3
                0x0800084c                __divdf3
                0x0800084c                __aeabi_ddiv
 .text          0x08000a1c      0x110 D:/STM32CubeIDE_1.17.0/STM32CubeIDE/plugins/com.st.stm32cube.ide.mcu.externaltools.gnu-tools-for-stm32.12.3.rel1.win32_1.1.0.202410251130/tools/bin/../lib/gcc/arm-none-eabi/12.3.1/thumb/v7e-m+fp/hard\libgcc.a(_arm_cmpdf2.o)
                0x08000a1c                __gtdf2
                0x08000a1c                __gedf2
                0x08000a24                __ltdf2
                0x08000a24                __ledf2
                0x08000a2c                __nedf2
                0x08000a2c                __eqdf2
                0x08000a2c                __cmpdf2
                0x08000aa8                __aeabi_cdrcmple
                0x08000ab8                __aeabi_cdcmpeq
                0x08000ab8                __aeabi_cdcmple
                0x08000ac8                __aeabi_dcmpeq
                0x08000adc                __aeabi_dcmplt
                0x08000af0                __aeabi_dcmple
                0x08000b04                __aeabi_dcmpge
                0x08000b18                __aeabi_dcmpgt
 .text          0x08000b2c       0x2c D:/STM32CubeIDE_1.17.0/STM32CubeIDE/plugins/com.st.stm32cube.ide.mcu.externaltools.gnu-tools-for-stm32.12.3.rel1.win32_1.1.0.202410251130/tools/bin/../lib/gcc/arm-none-eabi/12.3.1/thumb/v7e-m+fp/hard\libgcc.a(_arm_unorddf2.o)
                0x08000b2c                __unorddf2
                0x08000b2c                __aeabi_dcmpun
 .text          0x08000b58       0x50 D:/STM32CubeIDE_1.17.0/STM32CubeIDE/plugins/com.st.stm32cube.ide.mcu.externaltools.gnu-tools-for-stm32.12.3.rel1.win32_1.1.0.202410251130/tools/bin/../lib/gcc/arm-none-eabi/12.3.1/thumb/v7e-m+fp/hard\libgcc.a(_arm_fixdfsi.o)
                0x08000b58                __aeabi_d2iz
                0x08000b58                __fixdfsi
 .text          0x08000ba8       0x40 D:/STM32CubeIDE_1.17.0/STM32CubeIDE/plugins/com.st.stm32cube.ide.mcu.externaltools.gnu-tools-for-stm32.12.3.rel1.win32_1.1.0.202410251130/tools/bin/../lib/gcc/arm-none-eabi/12.3.1/thumb/v7e-m+fp/hard\libgcc.a(_arm_fixunsdfsi.o)
                0x08000ba8                __aeabi_d2uiz
                0x08000ba8                __fixunsdfsi
 .text          0x08000be8       0xa0 D:/STM32CubeIDE_1.17.0/STM32CubeIDE/plugins/com.st.stm32cube.ide.mcu.externaltools.gnu-tools-for-stm32.12.3.rel1.win32_1.1.0.202410251130/tools/bin/../lib/gcc/arm-none-eabi/12.3.1/thumb/v7e-m+fp/hard\libgcc.a(_arm_truncdfsf2.o)
                0x08000be8                __truncdfsf2
                0x08000be8                __aeabi_d2f
 .text          0x08000c88       0x30 D:/STM32CubeIDE_1.17.0/STM32CubeIDE/plugins/com.st.stm32cube.ide.mcu.externaltools.gnu-tools-for-stm32.12.3.rel1.win32_1.1.0.202410251130/tools/bin/../lib/gcc/arm-none-eabi/12.3.1/thumb/v7e-m+fp/hard\libgcc.a(_aeabi_uldivmod.o)
                0x08000c88                __aeabi_uldivmod
 .text          0x08000cb8       0x30 D:/STM32CubeIDE_1.17.0/STM32CubeIDE/plugins/com.st.stm32cube.ide.mcu.externaltools.gnu-tools-for-stm32.12.3.rel1.win32_1.1.0.202410251130/tools/bin/../lib/gcc/arm-none-eabi/12.3.1/thumb/v7e-m+fp/hard\libgcc.a(_fixdfdi.o)
                0x08000cb8                __fixdfdi
                0x08000cb8                __aeabi_d2lz
 .text          0x08000ce8       0x3c D:/STM32CubeIDE_1.17.0/STM32CubeIDE/plugins/com.st.stm32cube.ide.mcu.externaltools.gnu-tools-for-stm32.12.3.rel1.win32_1.1.0.202410251130/tools/bin/../lib/gcc/arm-none-eabi/12.3.1/thumb/v7e-m+fp/hard\libgcc.a(_fixunsdfdi.o)
                0x08000ce8                __fixunsdfdi
                0x08000ce8                __aeabi_d2ulz
 .text          0x08000d24      0x2bc D:/STM32CubeIDE_1.17.0/STM32CubeIDE/plugins/com.st.stm32cube.ide.mcu.externaltools.gnu-tools-for-stm32.12.3.rel1.win32_1.1.0.202410251130/tools/bin/../lib/gcc/arm-none-eabi/12.3.1/thumb/v7e-m+fp/hard\libgcc.a(_udivmoddi4.o)
                0x08000d24                __udivmoddi4
 .text          0x08000fe0        0x4 D:/STM32CubeIDE_1.17.0/STM32CubeIDE/plugins/com.st.stm32cube.ide.mcu.externaltools.gnu-tools-for-stm32.12.3.rel1.win32_1.1.0.202410251130/tools/bin/../lib/gcc/arm-none-eabi/12.3.1/thumb/v7e-m+fp/hard\libgcc.a(_dvmd_tls.o)
                0x08000fe0                __aeabi_idiv0
                0x08000fe0                __aeabi_ldiv0
 *(.text*)
 .text.FreeRTOS_CLIRegisterCommand
                0x08000fe4       0x6c ./Core/Src/FreeRTOS_CLI.o
                0x08000fe4                FreeRTOS_CLIRegisterCommand
 .text.FreeRTOS_CLIProcessCommand
                0x08001050      0x10c ./Core/Src/FreeRTOS_CLI.o
                0x08001050                FreeRTOS_CLIProcessCommand
 .text.FreeRTOS_CLIGetParameter
                0x0800115c       0xb2 ./Core/Src/FreeRTOS_CLI.o
                0x0800115c                FreeRTOS_CLIGetParameter
 *fill*         0x0800120e        0x2 
 .text.prvRegisterCommand
                0x08001210       0x74 ./Core/Src/FreeRTOS_CLI.o
 .text.prvHelpCommand
                0x08001284       0x5c ./Core/Src/FreeRTOS_CLI.o
 .text.prvGetNumberOfParameters
                0x080012e0       0x66 ./Core/Src/FreeRTOS_CLI.o
 *fill*         0x08001346        0x2 
 .text._write   0x08001348       0x40 ./Core/Src/app_cli.o
                0x08001348                _write
 .text.cmd_clearScreen
                0x08001388       0x2c ./Core/Src/app_cli.o
                0x08001388                cmd_clearScreen
 .text.cmd_toggle_led
                0x080013b4       0x34 ./Core/Src/app_cli.o
                0x080013b4                cmd_toggle_led
 .text.cmd_add  0x080013e8       0x70 ./Core/Src/app_cli.o
                0x080013e8                cmd_add
 .text.vRegisterCLICommands
                0x08001458       0x3c ./Core/Src/app_cli.o
                0x08001458                vRegisterCLICommands
 .text.cliWrite
                0x08001494       0x2c ./Core/Src/app_cli.o
                0x08001494                cliWrite
 .text.handleNewline
                0x080014c0       0x58 ./Core/Src/app_cli.o
                0x080014c0                handleNewline
 .text.handleBackspace
                0x08001518       0x54 ./Core/Src/app_cli.o
                0x08001518                handleBackspace
 .text.handleCharacterInput
                0x0800156c       0x68 ./Core/Src/app_cli.o
                0x0800156c                handleCharacterInput
 .text.MX_ETH_Init
                0x080015d4       0x9c ./Core/Src/eth.o
                0x080015d4                MX_ETH_Init
 .text.HAL_ETH_MspInit
                0x08001670      0x16c ./Core/Src/eth.o
                0x08001670                HAL_ETH_MspInit
 .text.configureTimerForRunTimeStats
                0x080017dc        0xe ./Core/Src/freertos.o
                0x080017dc                configureTimerForRunTimeStats
 .text.getRunTimeCounterValue
                0x080017ea       0x10 ./Core/Src/freertos.o
                0x080017ea                getRunTimeCounterValue
 *fill*         0x080017fa        0x2 
 .text.MX_FREERTOS_Init
                0x080017fc       0x70 ./Core/Src/freertos.o
                0x080017fc                MX_FREERTOS_Init
 .text.StartInitTask
                0x0800186c       0x10 ./Core/Src/freertos.o
                0x0800186c                StartInitTask
 .text.vStartCmdTask
                0x0800187c       0x6c ./Core/Src/freertos.o
                0x0800187c                vStartCmdTask
 .text.MX_GPIO_Init
                0x080018e8       0xa4 ./Core/Src/gpio.o
                0x080018e8                MX_GPIO_Init
 .text.main     0x0800198c       0x4c ./Core/Src/main.o
                0x0800198c                main
 .text.SystemClock_Config
                0x080019d8       0xd4 ./Core/Src/main.o
                0x080019d8                SystemClock_Config
 .text.HAL_TIM_PeriodElapsedCallback
                0x08001aac       0x24 ./Core/Src/main.o
                0x08001aac                HAL_TIM_PeriodElapsedCallback
 .text.Error_Handler
                0x08001ad0        0xc ./Core/Src/main.o
                0x08001ad0                Error_Handler
 .text.MX_RNG_Init
                0x08001adc       0x28 ./Core/Src/rng.o
                0x08001adc                MX_RNG_Init
 .text.HAL_RNG_MspInit
                0x08001b04       0x50 ./Core/Src/rng.o
                0x08001b04                HAL_RNG_MspInit
 .text.MX_SDIO_SD_Init
                0x08001b54       0x40 ./Core/Src/sdio.o
                0x08001b54                MX_SDIO_SD_Init
 .text.HAL_SD_MspInit
                0x08001b94       0xd0 ./Core/Src/sdio.o
                0x08001b94                HAL_SD_MspInit
 .text.HAL_MspInit
                0x08001c64       0x68 ./Core/Src/stm32f4xx_hal_msp.o
                0x08001c64                HAL_MspInit
 .text.HAL_InitTick
                0x08001ccc       0xe8 ./Core/Src/stm32f4xx_hal_timebase_tim.o
                0x08001ccc                HAL_InitTick
 .text.NMI_Handler
                0x08001db4        0x8 ./Core/Src/stm32f4xx_it.o
                0x08001db4                NMI_Handler
 .text.HardFault_Handler
                0x08001dbc        0x8 ./Core/Src/stm32f4xx_it.o
                0x08001dbc                HardFault_Handler
 .text.MemManage_Handler
                0x08001dc4        0x8 ./Core/Src/stm32f4xx_it.o
                0x08001dc4                MemManage_Handler
 .text.BusFault_Handler
                0x08001dcc        0x8 ./Core/Src/stm32f4xx_it.o
                0x08001dcc                BusFault_Handler
 .text.UsageFault_Handler
                0x08001dd4        0x8 ./Core/Src/stm32f4xx_it.o
                0x08001dd4                UsageFault_Handler
 .text.DebugMon_Handler
                0x08001ddc        0xe ./Core/Src/stm32f4xx_it.o
                0x08001ddc                DebugMon_Handler
 .text.RCC_IRQHandler
                0x08001dea        0xe ./Core/Src/stm32f4xx_it.o
                0x08001dea                RCC_IRQHandler
 .text.TIM1_UP_TIM10_IRQHandler
                0x08001df8       0x14 ./Core/Src/stm32f4xx_it.o
                0x08001df8                TIM1_UP_TIM10_IRQHandler
 .text.TIM5_IRQHandler
                0x08001e0c       0x14 ./Core/Src/stm32f4xx_it.o
                0x08001e0c                TIM5_IRQHandler
 .text.ETH_IRQHandler
                0x08001e20       0x14 ./Core/Src/stm32f4xx_it.o
                0x08001e20                ETH_IRQHandler
 .text.ETH_WKUP_IRQHandler
                0x08001e34       0x14 ./Core/Src/stm32f4xx_it.o
                0x08001e34                ETH_WKUP_IRQHandler
 .text.HASH_RNG_IRQHandler
                0x08001e48       0x14 ./Core/Src/stm32f4xx_it.o
                0x08001e48                HASH_RNG_IRQHandler
 .text._getpid  0x08001e5c       0x10 ./Core/Src/syscalls.o
                0x08001e5c                _getpid
 .text._kill    0x08001e6c       0x20 ./Core/Src/syscalls.o
                0x08001e6c                _kill
 .text._exit    0x08001e8c       0x16 ./Core/Src/syscalls.o
                0x08001e8c                _exit
 .text._read    0x08001ea2       0x3a ./Core/Src/syscalls.o
                0x08001ea2                _read
 .text._close   0x08001edc       0x18 ./Core/Src/syscalls.o
                0x08001edc                _close
 .text._fstat   0x08001ef4       0x20 ./Core/Src/syscalls.o
                0x08001ef4                _fstat
 .text._isatty  0x08001f14       0x16 ./Core/Src/syscalls.o
                0x08001f14                _isatty
 .text._lseek   0x08001f2a       0x1a ./Core/Src/syscalls.o
                0x08001f2a                _lseek
 .text._sbrk    0x08001f44       0x6c ./Core/Src/sysmem.o
                0x08001f44                _sbrk
 .text.SystemInit
                0x08001fb0       0x24 ./Core/Src/system_stm32f4xx.o
                0x08001fb0                SystemInit
 .text.MX_TIM5_Init
                0x08001fd4       0x9c ./Core/Src/tim.o
                0x08001fd4                MX_TIM5_Init
 .text.HAL_TIM_Base_MspInit
                0x08002070       0x50 ./Core/Src/tim.o
                0x08002070                HAL_TIM_Base_MspInit
 .text.MX_USART3_UART_Init
                0x080020c0       0x54 ./Core/Src/usart.o
                0x080020c0                MX_USART3_UART_Init
 .text.HAL_UART_MspInit
                0x08002114       0x90 ./Core/Src/usart.o
                0x08002114                HAL_UART_MspInit
 .text.Reset_Handler
                0x080021a4       0x50 ./Core/Startup/startup_stm32f407vetx.o
                0x080021a4                Reset_Handler
 .text.Default_Handler
                0x080021f4        0x2 ./Core/Startup/startup_stm32f407vetx.o
                0x080021f4                RTC_Alarm_IRQHandler
                0x080021f4                EXTI2_IRQHandler
                0x080021f4                TIM8_CC_IRQHandler
                0x080021f4                TIM1_CC_IRQHandler
                0x080021f4                DMA2_Stream5_IRQHandler
                0x080021f4                DMA1_Stream5_IRQHandler
                0x080021f4                PVD_IRQHandler
                0x080021f4                SDIO_IRQHandler
                0x080021f4                TAMP_STAMP_IRQHandler
                0x080021f4                CAN2_RX1_IRQHandler
                0x080021f4                EXTI3_IRQHandler
                0x080021f4                TIM8_TRG_COM_TIM14_IRQHandler
                0x080021f4                TIM8_UP_TIM13_IRQHandler
                0x080021f4                I2C3_ER_IRQHandler
                0x080021f4                EXTI0_IRQHandler
                0x080021f4                I2C2_EV_IRQHandler
                0x080021f4                DMA1_Stream2_IRQHandler
                0x080021f4                CAN1_RX0_IRQHandler
                0x080021f4                FPU_IRQHandler
                0x080021f4                OTG_HS_WKUP_IRQHandler
                0x080021f4                CAN2_SCE_IRQHandler
                0x080021f4                DMA2_Stream2_IRQHandler
                0x080021f4                SPI1_IRQHandler
                0x080021f4                TIM6_DAC_IRQHandler
                0x080021f4                TIM1_BRK_TIM9_IRQHandler
                0x080021f4                DCMI_IRQHandler
                0x080021f4                CAN2_RX0_IRQHandler
                0x080021f4                DMA2_Stream3_IRQHandler
                0x080021f4                USART6_IRQHandler
                0x080021f4                USART3_IRQHandler
                0x080021f4                CAN1_RX1_IRQHandler
                0x080021f4                UART5_IRQHandler
                0x080021f4                DMA2_Stream0_IRQHandler
                0x080021f4                TIM4_IRQHandler
                0x080021f4                I2C1_EV_IRQHandler
                0x080021f4                DMA1_Stream6_IRQHandler
                0x080021f4                DMA1_Stream1_IRQHandler
                0x080021f4                UART4_IRQHandler
                0x080021f4                TIM3_IRQHandler
                0x080021f4                TIM8_BRK_TIM12_IRQHandler
                0x080021f4                Default_Handler
                0x080021f4                EXTI15_10_IRQHandler
                0x080021f4                ADC_IRQHandler
                0x080021f4                DMA1_Stream7_IRQHandler
                0x080021f4                TIM7_IRQHandler
                0x080021f4                CAN2_TX_IRQHandler
                0x080021f4                DMA2_Stream7_IRQHandler
                0x080021f4                I2C3_EV_IRQHandler
                0x080021f4                EXTI9_5_IRQHandler
                0x080021f4                RTC_WKUP_IRQHandler
                0x080021f4                SPI2_IRQHandler
                0x080021f4                OTG_HS_EP1_IN_IRQHandler
                0x080021f4                DMA1_Stream0_IRQHandler
                0x080021f4                CAN1_TX_IRQHandler
                0x080021f4                EXTI4_IRQHandler
                0x080021f4                FSMC_IRQHandler
                0x080021f4                OTG_HS_EP1_OUT_IRQHandler
                0x080021f4                WWDG_IRQHandler
                0x080021f4                TIM2_IRQHandler
                0x080021f4                OTG_FS_WKUP_IRQHandler
                0x080021f4                TIM1_TRG_COM_TIM11_IRQHandler
                0x080021f4                OTG_HS_IRQHandler
                0x080021f4                EXTI1_IRQHandler
                0x080021f4                USART2_IRQHandler
                0x080021f4                I2C2_ER_IRQHandler
                0x080021f4                DMA2_Stream1_IRQHandler
                0x080021f4                CAN1_SCE_IRQHandler
                0x080021f4                FLASH_IRQHandler
                0x080021f4                DMA2_Stream4_IRQHandler
                0x080021f4                USART1_IRQHandler
                0x080021f4                OTG_FS_IRQHandler
                0x080021f4                SPI3_IRQHandler
                0x080021f4                DMA1_Stream4_IRQHandler
                0x080021f4                I2C1_ER_IRQHandler
                0x080021f4                DMA2_Stream6_IRQHandler
                0x080021f4                DMA1_Stream3_IRQHandler
 *fill*         0x080021f6        0x2 
 .text.HAL_Init
                0x080021f8       0x44 ./Drivers/STM32F4xx_HAL_Driver/Src/stm32f4xx_hal.o
                0x080021f8                HAL_Init
 .text.HAL_IncTick
                0x0800223c       0x28 ./Drivers/STM32F4xx_HAL_Driver/Src/stm32f4xx_hal.o
                0x0800223c                HAL_IncTick
 .text.HAL_GetTick
                0x08002264       0x18 ./Drivers/STM32F4xx_HAL_Driver/Src/stm32f4xx_hal.o
                0x08002264                HAL_GetTick
 .text.HAL_Delay
                0x0800227c       0x48 ./Drivers/STM32F4xx_HAL_Driver/Src/stm32f4xx_hal.o
                0x0800227c                HAL_Delay
 .text.__NVIC_SetPriorityGrouping
                0x080022c4       0x48 ./Drivers/STM32F4xx_HAL_Driver/Src/stm32f4xx_hal_cortex.o
 .text.__NVIC_GetPriorityGrouping
                0x0800230c       0x1c ./Drivers/STM32F4xx_HAL_Driver/Src/stm32f4xx_hal_cortex.o
 .text.__NVIC_EnableIRQ
                0x08002328       0x3c ./Drivers/STM32F4xx_HAL_Driver/Src/stm32f4xx_hal_cortex.o
 .text.__NVIC_SetPriority
                0x08002364       0x54 ./Drivers/STM32F4xx_HAL_Driver/Src/stm32f4xx_hal_cortex.o
 .text.NVIC_EncodePriority
                0x080023b8       0x66 ./Drivers/STM32F4xx_HAL_Driver/Src/stm32f4xx_hal_cortex.o
 .text.HAL_NVIC_SetPriorityGrouping
                0x0800241e       0x16 ./Drivers/STM32F4xx_HAL_Driver/Src/stm32f4xx_hal_cortex.o
                0x0800241e                HAL_NVIC_SetPriorityGrouping
 .text.HAL_NVIC_SetPriority
                0x08002434       0x38 ./Drivers/STM32F4xx_HAL_Driver/Src/stm32f4xx_hal_cortex.o
                0x08002434                HAL_NVIC_SetPriority
 .text.HAL_NVIC_EnableIRQ
                0x0800246c       0x1c ./Drivers/STM32F4xx_HAL_Driver/Src/stm32f4xx_hal_cortex.o
                0x0800246c                HAL_NVIC_EnableIRQ
 .text.HAL_DMA_Start_IT
                0x08002488       0xb0 ./Drivers/STM32F4xx_HAL_Driver/Src/stm32f4xx_hal_dma.o
                0x08002488                HAL_DMA_Start_IT
 .text.HAL_DMA_GetError
                0x08002538       0x18 ./Drivers/STM32F4xx_HAL_Driver/Src/stm32f4xx_hal_dma.o
                0x08002538                HAL_DMA_GetError
 .text.DMA_SetConfig
                0x08002550       0x5c ./Drivers/STM32F4xx_HAL_Driver/Src/stm32f4xx_hal_dma.o
 .text.HAL_ETH_Init
                0x080025ac      0x138 ./Drivers/STM32F4xx_HAL_Driver/Src/stm32f4xx_hal_eth.o
                0x080025ac                HAL_ETH_Init
 .text.HAL_ETH_IRQHandler
                0x080026e4      0x164 ./Drivers/STM32F4xx_HAL_Driver/Src/stm32f4xx_hal_eth.o
                0x080026e4                HAL_ETH_IRQHandler
 .text.HAL_ETH_TxCpltCallback
                0x08002848       0x14 ./Drivers/STM32F4xx_HAL_Driver/Src/stm32f4xx_hal_eth.o
                0x08002848                HAL_ETH_TxCpltCallback
 .text.HAL_ETH_RxCpltCallback
                0x0800285c       0x14 ./Drivers/STM32F4xx_HAL_Driver/Src/stm32f4xx_hal_eth.o
                0x0800285c                HAL_ETH_RxCpltCallback
 .text.HAL_ETH_ErrorCallback
                0x08002870       0x14 ./Drivers/STM32F4xx_HAL_Driver/Src/stm32f4xx_hal_eth.o
                0x08002870                HAL_ETH_ErrorCallback
 .text.HAL_ETH_PMTCallback
                0x08002884       0x14 ./Drivers/STM32F4xx_HAL_Driver/Src/stm32f4xx_hal_eth.o
                0x08002884                HAL_ETH_PMTCallback
 .text.HAL_ETH_WakeUpCallback
                0x08002898       0x14 ./Drivers/STM32F4xx_HAL_Driver/Src/stm32f4xx_hal_eth.o
                0x08002898                HAL_ETH_WakeUpCallback
 .text.ETH_SetMACConfig
                0x080028ac      0x168 ./Drivers/STM32F4xx_HAL_Driver/Src/stm32f4xx_hal_eth.o
 .text.ETH_SetDMAConfig
                0x08002a14      0x114 ./Drivers/STM32F4xx_HAL_Driver/Src/stm32f4xx_hal_eth.o
 .text.ETH_MACDMAConfig
                0x08002b28       0xea ./Drivers/STM32F4xx_HAL_Driver/Src/stm32f4xx_hal_eth.o
 *fill*         0x08002c12        0x2 
 .text.ETH_MACAddressConfig
                0x08002c14       0x70 ./Drivers/STM32F4xx_HAL_Driver/Src/stm32f4xx_hal_eth.o
 .text.ETH_DMATxDescListInit
                0x08002c84       0xb2 ./Drivers/STM32F4xx_HAL_Driver/Src/stm32f4xx_hal_eth.o
 .text.ETH_DMARxDescListInit
                0x08002d36       0xde ./Drivers/STM32F4xx_HAL_Driver/Src/stm32f4xx_hal_eth.o
 .text.HAL_GPIO_Init
                0x08002e14      0x338 ./Drivers/STM32F4xx_HAL_Driver/Src/stm32f4xx_hal_gpio.o
                0x08002e14                HAL_GPIO_Init
 .text.HAL_RCC_OscConfig
                0x0800314c      0x4f0 ./Drivers/STM32F4xx_HAL_Driver/Src/stm32f4xx_hal_rcc.o
                0x0800314c                HAL_RCC_OscConfig
 .text.HAL_RCC_ClockConfig
                0x0800363c      0x1cc ./Drivers/STM32F4xx_HAL_Driver/Src/stm32f4xx_hal_rcc.o
                0x0800363c                HAL_RCC_ClockConfig
 .text.HAL_RCC_GetSysClockFreq
                0x08003808      0x18c ./Drivers/STM32F4xx_HAL_Driver/Src/stm32f4xx_hal_rcc.o
                0x08003808                HAL_RCC_GetSysClockFreq
 .text.HAL_RCC_GetHCLKFreq
                0x08003994       0x18 ./Drivers/STM32F4xx_HAL_Driver/Src/stm32f4xx_hal_rcc.o
                0x08003994                HAL_RCC_GetHCLKFreq
 .text.HAL_RCC_GetPCLK1Freq
                0x080039ac       0x28 ./Drivers/STM32F4xx_HAL_Driver/Src/stm32f4xx_hal_rcc.o
                0x080039ac                HAL_RCC_GetPCLK1Freq
 .text.HAL_RCC_GetPCLK2Freq
                0x080039d4       0x28 ./Drivers/STM32F4xx_HAL_Driver/Src/stm32f4xx_hal_rcc.o
                0x080039d4                HAL_RCC_GetPCLK2Freq
 .text.HAL_RCC_GetClockConfig
                0x080039fc       0x64 ./Drivers/STM32F4xx_HAL_Driver/Src/stm32f4xx_hal_rcc.o
                0x080039fc                HAL_RCC_GetClockConfig
 .text.HAL_RNG_Init
                0x08003a60       0x54 ./Drivers/STM32F4xx_HAL_Driver/Src/stm32f4xx_hal_rng.o
                0x08003a60                HAL_RNG_Init
 .text.HAL_RNG_IRQHandler
                0x08003ab4       0xa8 ./Drivers/STM32F4xx_HAL_Driver/Src/stm32f4xx_hal_rng.o
                0x08003ab4                HAL_RNG_IRQHandler
 .text.HAL_RNG_ReadyDataCallback
                0x08003b5c       0x16 ./Drivers/STM32F4xx_HAL_Driver/Src/stm32f4xx_hal_rng.o
                0x08003b5c                HAL_RNG_ReadyDataCallback
 .text.HAL_RNG_ErrorCallback
                0x08003b72       0x14 ./Drivers/STM32F4xx_HAL_Driver/Src/stm32f4xx_hal_rng.o
                0x08003b72                HAL_RNG_ErrorCallback
 .text.HAL_SD_Init
                0x08003b86       0x60 ./Drivers/STM32F4xx_HAL_Driver/Src/stm32f4xx_hal_sd.o
                0x08003b86                HAL_SD_Init
 *fill*         0x08003be6        0x2 
 .text.HAL_SD_InitCard
                0x08003be8      0x100 ./Drivers/STM32F4xx_HAL_Driver/Src/stm32f4xx_hal_sd.o
                0x08003be8                HAL_SD_InitCard
 .text.HAL_SD_ReadBlocks_DMA
                0x08003ce8      0x1c4 ./Drivers/STM32F4xx_HAL_Driver/Src/stm32f4xx_hal_sd.o
                0x08003ce8                HAL_SD_ReadBlocks_DMA
 .text.HAL_SD_WriteBlocks_DMA
                0x08003eac      0x1cc ./Drivers/STM32F4xx_HAL_Driver/Src/stm32f4xx_hal_sd.o
                0x08003eac                HAL_SD_WriteBlocks_DMA
 .text.HAL_SD_ErrorCallback
                0x08004078       0x14 ./Drivers/STM32F4xx_HAL_Driver/Src/stm32f4xx_hal_sd.o
                0x08004078                HAL_SD_ErrorCallback
 .text.HAL_SD_GetCardCSD
                0x0800408c      0x348 ./Drivers/STM32F4xx_HAL_Driver/Src/stm32f4xx_hal_sd.o
                0x0800408c                HAL_SD_GetCardCSD
 .text.HAL_SD_GetCardInfo
                0x080043d4       0x58 ./Drivers/STM32F4xx_HAL_Driver/Src/stm32f4xx_hal_sd.o
                0x080043d4                HAL_SD_GetCardInfo
 .text.HAL_SD_GetCardState
                0x0800442c       0x40 ./Drivers/STM32F4xx_HAL_Driver/Src/stm32f4xx_hal_sd.o
                0x0800442c                HAL_SD_GetCardState
 .text.SD_DMATransmitCplt
                0x0800446c       0x2a ./Drivers/STM32F4xx_HAL_Driver/Src/stm32f4xx_hal_sd.o
 .text.SD_DMAReceiveCplt
                0x08004496       0x70 ./Drivers/STM32F4xx_HAL_Driver/Src/stm32f4xx_hal_sd.o
 *fill*         0x08004506        0x2 
 .text.SD_DMAError
                0x08004508       0xa4 ./Drivers/STM32F4xx_HAL_Driver/Src/stm32f4xx_hal_sd.o
 .text.SD_InitCard
                0x080045ac      0x19c ./Drivers/STM32F4xx_HAL_Driver/Src/stm32f4xx_hal_sd.o
 .text.SD_PowerON
                0x08004748      0x11c ./Drivers/STM32F4xx_HAL_Driver/Src/stm32f4xx_hal_sd.o
 .text.SD_SendStatus
                0x08004864       0x50 ./Drivers/STM32F4xx_HAL_Driver/Src/stm32f4xx_hal_sd.o
 .text.HAL_TIM_Base_Init
                0x080048b4       0x9e ./Drivers/STM32F4xx_HAL_Driver/Src/stm32f4xx_hal_tim.o
                0x080048b4                HAL_TIM_Base_Init
 *fill*         0x08004952        0x2 
 .text.HAL_TIM_Base_Start_IT
                0x08004954       0xe0 ./Drivers/STM32F4xx_HAL_Driver/Src/stm32f4xx_hal_tim.o
                0x08004954                HAL_TIM_Base_Start_IT
 .text.HAL_TIM_IRQHandler
                0x08004a34      0x1e0 ./Drivers/STM32F4xx_HAL_Driver/Src/stm32f4xx_hal_tim.o
                0x08004a34                HAL_TIM_IRQHandler
 .text.HAL_TIM_ConfigClockSource
                0x08004c14      0x18e ./Drivers/STM32F4xx_HAL_Driver/Src/stm32f4xx_hal_tim.o
                0x08004c14                HAL_TIM_ConfigClockSource
 .text.HAL_TIM_OC_DelayElapsedCallback
                0x08004da2       0x14 ./Drivers/STM32F4xx_HAL_Driver/Src/stm32f4xx_hal_tim.o
                0x08004da2                HAL_TIM_OC_DelayElapsedCallback
 .text.HAL_TIM_IC_CaptureCallback
                0x08004db6       0x14 ./Drivers/STM32F4xx_HAL_Driver/Src/stm32f4xx_hal_tim.o
                0x08004db6                HAL_TIM_IC_CaptureCallback
 .text.HAL_TIM_PWM_PulseFinishedCallback
                0x08004dca       0x14 ./Drivers/STM32F4xx_HAL_Driver/Src/stm32f4xx_hal_tim.o
                0x08004dca                HAL_TIM_PWM_PulseFinishedCallback
 .text.HAL_TIM_TriggerCallback
                0x08004dde       0x14 ./Drivers/STM32F4xx_HAL_Driver/Src/stm32f4xx_hal_tim.o
                0x08004dde                HAL_TIM_TriggerCallback
 *fill*         0x08004df2        0x2 
 .text.TIM_Base_SetConfig
                0x08004df4      0x158 ./Drivers/STM32F4xx_HAL_Driver/Src/stm32f4xx_hal_tim.o
                0x08004df4                TIM_Base_SetConfig
 .text.TIM_TI1_ConfigInputStage
                0x08004f4c       0x5e ./Drivers/STM32F4xx_HAL_Driver/Src/stm32f4xx_hal_tim.o
 .text.TIM_TI2_ConfigInputStage
                0x08004faa       0x60 ./Drivers/STM32F4xx_HAL_Driver/Src/stm32f4xx_hal_tim.o
 .text.TIM_ITRx_SetConfig
                0x0800500a       0x36 ./Drivers/STM32F4xx_HAL_Driver/Src/stm32f4xx_hal_tim.o
 .text.TIM_ETR_SetConfig
                0x08005040       0x40 ./Drivers/STM32F4xx_HAL_Driver/Src/stm32f4xx_hal_tim.o
                0x08005040                TIM_ETR_SetConfig
 .text.HAL_TIMEx_MasterConfigSynchronization
                0x08005080       0xf8 ./Drivers/STM32F4xx_HAL_Driver/Src/stm32f4xx_hal_tim_ex.o
                0x08005080                HAL_TIMEx_MasterConfigSynchronization
 .text.HAL_TIMEx_CommutCallback
                0x08005178       0x14 ./Drivers/STM32F4xx_HAL_Driver/Src/stm32f4xx_hal_tim_ex.o
                0x08005178                HAL_TIMEx_CommutCallback
 .text.HAL_TIMEx_BreakCallback
                0x0800518c       0x14 ./Drivers/STM32F4xx_HAL_Driver/Src/stm32f4xx_hal_tim_ex.o
                0x0800518c                HAL_TIMEx_BreakCallback
 .text.HAL_UART_Init
                0x080051a0       0xa0 ./Drivers/STM32F4xx_HAL_Driver/Src/stm32f4xx_hal_uart.o
                0x080051a0                HAL_UART_Init
 .text.HAL_UART_Transmit
                0x08005240      0x116 ./Drivers/STM32F4xx_HAL_Driver/Src/stm32f4xx_hal_uart.o
                0x08005240                HAL_UART_Transmit
 .text.HAL_UART_Receive_IT
                0x08005356       0x4a ./Drivers/STM32F4xx_HAL_Driver/Src/stm32f4xx_hal_uart.o
                0x08005356                HAL_UART_Receive_IT
 .text.UART_WaitOnFlagUntilTimeout
                0x080053a0       0xb2 ./Drivers/STM32F4xx_HAL_Driver/Src/stm32f4xx_hal_uart.o
 .text.UART_Start_Receive_IT
                0x08005452       0x74 ./Drivers/STM32F4xx_HAL_Driver/Src/stm32f4xx_hal_uart.o
                0x08005452                UART_Start_Receive_IT
 .text.UART_EndRxTransfer
                0x080054c6       0xc6 ./Drivers/STM32F4xx_HAL_Driver/Src/stm32f4xx_hal_uart.o
 .text.UART_SetConfig
                0x0800558c      0x4e8 ./Drivers/STM32F4xx_HAL_Driver/Src/stm32f4xx_hal_uart.o
 .text.SDIO_Init
                0x08005a74       0x56 ./Drivers/STM32F4xx_HAL_Driver/Src/stm32f4xx_ll_sdmmc.o
                0x08005a74                SDIO_Init
 .text.SDIO_PowerState_ON
                0x08005aca       0x1c ./Drivers/STM32F4xx_HAL_Driver/Src/stm32f4xx_ll_sdmmc.o
                0x08005aca                SDIO_PowerState_ON
 .text.SDIO_GetPowerState
                0x08005ae6       0x1c ./Drivers/STM32F4xx_HAL_Driver/Src/stm32f4xx_ll_sdmmc.o
                0x08005ae6                SDIO_GetPowerState
 .text.SDIO_SendCommand
                0x08005b02       0x54 ./Drivers/STM32F4xx_HAL_Driver/Src/stm32f4xx_ll_sdmmc.o
                0x08005b02                SDIO_SendCommand
 .text.SDIO_GetCommandResponse
                0x08005b56       0x1a ./Drivers/STM32F4xx_HAL_Driver/Src/stm32f4xx_ll_sdmmc.o
                0x08005b56                SDIO_GetCommandResponse
 .text.SDIO_GetResponse
                0x08005b70       0x26 ./Drivers/STM32F4xx_HAL_Driver/Src/stm32f4xx_ll_sdmmc.o
                0x08005b70                SDIO_GetResponse
 .text.SDIO_ConfigData
                0x08005b96       0x58 ./Drivers/STM32F4xx_HAL_Driver/Src/stm32f4xx_ll_sdmmc.o
                0x08005b96                SDIO_ConfigData
 .text.SDMMC_CmdBlockLength
                0x08005bee       0x44 ./Drivers/STM32F4xx_HAL_Driver/Src/stm32f4xx_ll_sdmmc.o
                0x08005bee                SDMMC_CmdBlockLength
 .text.SDMMC_CmdReadSingleBlock
                0x08005c32       0x44 ./Drivers/STM32F4xx_HAL_Driver/Src/stm32f4xx_ll_sdmmc.o
                0x08005c32                SDMMC_CmdReadSingleBlock
 .text.SDMMC_CmdReadMultiBlock
                0x08005c76       0x44 ./Drivers/STM32F4xx_HAL_Driver/Src/stm32f4xx_ll_sdmmc.o
                0x08005c76                SDMMC_CmdReadMultiBlock
 .text.SDMMC_CmdWriteSingleBlock
                0x08005cba       0x44 ./Drivers/STM32F4xx_HAL_Driver/Src/stm32f4xx_ll_sdmmc.o
                0x08005cba                SDMMC_CmdWriteSingleBlock
 .text.SDMMC_CmdWriteMultiBlock
                0x08005cfe       0x44 ./Drivers/STM32F4xx_HAL_Driver/Src/stm32f4xx_ll_sdmmc.o
                0x08005cfe                SDMMC_CmdWriteMultiBlock
 *fill*         0x08005d42        0x2 
 .text.SDMMC_CmdStopTransfer
                0x08005d44       0x44 ./Drivers/STM32F4xx_HAL_Driver/Src/stm32f4xx_ll_sdmmc.o
                0x08005d44                SDMMC_CmdStopTransfer
 .text.SDMMC_CmdSelDesel
                0x08005d88       0x46 ./Drivers/STM32F4xx_HAL_Driver/Src/stm32f4xx_ll_sdmmc.o
                0x08005d88                SDMMC_CmdSelDesel
 .text.SDMMC_CmdGoIdleState
                0x08005dce       0x3c ./Drivers/STM32F4xx_HAL_Driver/Src/stm32f4xx_ll_sdmmc.o
                0x08005dce                SDMMC_CmdGoIdleState
 .text.SDMMC_CmdOperCond
                0x08005e0a       0x3e ./Drivers/STM32F4xx_HAL_Driver/Src/stm32f4xx_ll_sdmmc.o
                0x08005e0a                SDMMC_CmdOperCond
 .text.SDMMC_CmdAppCommand
                0x08005e48       0x44 ./Drivers/STM32F4xx_HAL_Driver/Src/stm32f4xx_ll_sdmmc.o
                0x08005e48                SDMMC_CmdAppCommand
 .text.SDMMC_CmdAppOperCommand
                0x08005e8c       0x46 ./Drivers/STM32F4xx_HAL_Driver/Src/stm32f4xx_ll_sdmmc.o
                0x08005e8c                SDMMC_CmdAppOperCommand
 .text.SDMMC_CmdSendCID
                0x08005ed2       0x3c ./Drivers/STM32F4xx_HAL_Driver/Src/stm32f4xx_ll_sdmmc.o
                0x08005ed2                SDMMC_CmdSendCID
 .text.SDMMC_CmdSendCSD
                0x08005f0e       0x3e ./Drivers/STM32F4xx_HAL_Driver/Src/stm32f4xx_ll_sdmmc.o
                0x08005f0e                SDMMC_CmdSendCSD
 .text.SDMMC_CmdSetRelAdd
                0x08005f4c       0x42 ./Drivers/STM32F4xx_HAL_Driver/Src/stm32f4xx_ll_sdmmc.o
                0x08005f4c                SDMMC_CmdSetRelAdd
 .text.SDMMC_CmdSendStatus
                0x08005f8e       0x44 ./Drivers/STM32F4xx_HAL_Driver/Src/stm32f4xx_ll_sdmmc.o
                0x08005f8e                SDMMC_CmdSendStatus
 *fill*         0x08005fd2        0x2 
 .text.SDMMC_GetCmdResp1
                0x08005fd4      0x1dc ./Drivers/STM32F4xx_HAL_Driver/Src/stm32f4xx_ll_sdmmc.o
                0x08005fd4                SDMMC_GetCmdResp1
 .text.SDMMC_GetCmdResp2
                0x080061b0       0x90 ./Drivers/STM32F4xx_HAL_Driver/Src/stm32f4xx_ll_sdmmc.o
                0x080061b0                SDMMC_GetCmdResp2
 .text.SDMMC_GetCmdResp3
                0x08006240       0x7c ./Drivers/STM32F4xx_HAL_Driver/Src/stm32f4xx_ll_sdmmc.o
                0x08006240                SDMMC_GetCmdResp3
 .text.SDMMC_GetCmdResp6
                0x080062bc       0xec ./Drivers/STM32F4xx_HAL_Driver/Src/stm32f4xx_ll_sdmmc.o
                0x080062bc                SDMMC_GetCmdResp6
 .text.SDMMC_GetCmdResp7
                0x080063a8       0x9c ./Drivers/STM32F4xx_HAL_Driver/Src/stm32f4xx_ll_sdmmc.o
                0x080063a8                SDMMC_GetCmdResp7
 .text.SDMMC_GetCmdError
                0x08006444       0x58 ./Drivers/STM32F4xx_HAL_Driver/Src/stm32f4xx_ll_sdmmc.o
 .text.MX_FATFS_Init
                0x0800649c       0x24 ./FATFS/App/fatfs.o
                0x0800649c                MX_FATFS_Init
 .text.BSP_SD_Init
                0x080064c0       0x30 ./FATFS/Target/bsp_driver_sd.o
                0x080064c0                BSP_SD_Init
 .text.BSP_SD_ReadBlocks_DMA
                0x080064f0       0x34 ./FATFS/Target/bsp_driver_sd.o
                0x080064f0                BSP_SD_ReadBlocks_DMA
 .text.BSP_SD_WriteBlocks_DMA
                0x08006524       0x34 ./FATFS/Target/bsp_driver_sd.o
                0x08006524                BSP_SD_WriteBlocks_DMA
 .text.BSP_SD_GetCardState
                0x08006558       0x20 ./FATFS/Target/bsp_driver_sd.o
                0x08006558                BSP_SD_GetCardState
 .text.BSP_SD_GetCardInfo
                0x08006578       0x1c ./FATFS/Target/bsp_driver_sd.o
                0x08006578                BSP_SD_GetCardInfo
 .text.HAL_SD_RxCpltCallback
                0x08006594       0x14 ./FATFS/Target/bsp_driver_sd.o
                0x08006594                HAL_SD_RxCpltCallback
 .text.BSP_SD_IsDetected
                0x080065a8       0x1a ./FATFS/Target/bsp_driver_sd.o
                0x080065a8                BSP_SD_IsDetected
 .text.SD_CheckStatusWithTimeout
                0x080065c2       0x3a ./FATFS/Target/sd_diskio.o
 .text.SD_CheckStatus
                0x080065fc       0x3c ./FATFS/Target/sd_diskio.o
 .text.SD_initialize
                0x08006638       0x84 ./FATFS/Target/sd_diskio.o
                0x08006638                SD_initialize
 .text.SD_status
                0x080066bc       0x1c ./FATFS/Target/sd_diskio.o
                0x080066bc                SD_status
 .text.SD_read  0x080066d8       0x94 ./FATFS/Target/sd_diskio.o
                0x080066d8                SD_read
 .text.SD_write
                0x0800676c       0x90 ./FATFS/Target/sd_diskio.o
                0x0800676c                SD_write
 .text.SD_ioctl
                0x080067fc       0xb0 ./FATFS/Target/sd_diskio.o
                0x080067fc                SD_ioctl
 .text.BSP_SD_ReadCpltCallback
                0x080068ac       0x24 ./FATFS/Target/sd_diskio.o
                0x080068ac                BSP_SD_ReadCpltCallback
 .text.FATFS_LinkDriverEx
                0x080068d0       0x98 ./Middlewares/Third_Party/FatFs/src/ff_gen_drv.o
                0x080068d0                FATFS_LinkDriverEx
 .text.FATFS_LinkDriver
                0x08006968       0x1e ./Middlewares/Third_Party/FatFs/src/ff_gen_drv.o
                0x08006968                FATFS_LinkDriver
 *fill*         0x08006986        0x2 
 .text.__NVIC_SetPriority
                0x08006988       0x54 ./Middlewares/Third_Party/FreeRTOS/Source/CMSIS_RTOS_V2/cmsis_os2.o
 .text.SysTick_Handler
                0x080069dc       0x20 ./Middlewares/Third_Party/FreeRTOS/Source/CMSIS_RTOS_V2/cmsis_os2.o
                0x080069dc                SysTick_Handler
 .text.SVC_Setup
                0x080069fc       0x12 ./Middlewares/Third_Party/FreeRTOS/Source/CMSIS_RTOS_V2/cmsis_os2.o
 *fill*         0x08006a0e        0x2 
 .text.osKernelInitialize
                0x08006a10       0x48 ./Middlewares/Third_Party/FreeRTOS/Source/CMSIS_RTOS_V2/cmsis_os2.o
                0x08006a10                osKernelInitialize
 .text.osKernelGetState
                0x08006a58       0x44 ./Middlewares/Third_Party/FreeRTOS/Source/CMSIS_RTOS_V2/cmsis_os2.o
                0x08006a58                osKernelGetState
 .text.osKernelStart
                0x08006a9c       0x4c ./Middlewares/Third_Party/FreeRTOS/Source/CMSIS_RTOS_V2/cmsis_os2.o
                0x08006a9c                osKernelStart
 .text.osKernelGetTickCount
                0x08006ae8       0x2a ./Middlewares/Third_Party/FreeRTOS/Source/CMSIS_RTOS_V2/cmsis_os2.o
                0x08006ae8                osKernelGetTickCount
 .text.osThreadNew
                0x08006b12      0x126 ./Middlewares/Third_Party/FreeRTOS/Source/CMSIS_RTOS_V2/cmsis_os2.o
                0x08006b12                osThreadNew
 .text.osDelay  0x08006c38       0x36 ./Middlewares/Third_Party/FreeRTOS/Source/CMSIS_RTOS_V2/cmsis_os2.o
                0x08006c38                osDelay
 .text.osSemaphoreNew
                0x08006c6e      0x112 ./Middlewares/Third_Party/FreeRTOS/Source/CMSIS_RTOS_V2/cmsis_os2.o
                0x08006c6e                osSemaphoreNew
 .text.osMessageQueueNew
                0x08006d80       0xe6 ./Middlewares/Third_Party/FreeRTOS/Source/CMSIS_RTOS_V2/cmsis_os2.o
                0x08006d80                osMessageQueueNew
 *fill*         0x08006e66        0x2 
 .text.osMessageQueuePut
                0x08006e68       0xc0 ./Middlewares/Third_Party/FreeRTOS/Source/CMSIS_RTOS_V2/cmsis_os2.o
                0x08006e68                osMessageQueuePut
 .text.osMessageQueueGet
                0x08006f28       0xbc ./Middlewares/Third_Party/FreeRTOS/Source/CMSIS_RTOS_V2/cmsis_os2.o
                0x08006f28                osMessageQueueGet
 .text.vApplicationGetIdleTaskMemory
                0x08006fe4       0x34 ./Middlewares/Third_Party/FreeRTOS/Source/CMSIS_RTOS_V2/cmsis_os2.o
                0x08006fe4                vApplicationGetIdleTaskMemory
 .text.vApplicationGetTimerTaskMemory
                0x08007018       0x34 ./Middlewares/Third_Party/FreeRTOS/Source/CMSIS_RTOS_V2/cmsis_os2.o
                0x08007018                vApplicationGetTimerTaskMemory
 .text.vListInitialise
                0x0800704c       0x40 ./Middlewares/Third_Party/FreeRTOS/Source/list.o
                0x0800704c                vListInitialise
 .text.vListInitialiseItem
                0x0800708c       0x1a ./Middlewares/Third_Party/FreeRTOS/Source/list.o
                0x0800708c                vListInitialiseItem
 .text.vListInsertEnd
                0x080070a6       0x48 ./Middlewares/Third_Party/FreeRTOS/Source/list.o
                0x080070a6                vListInsertEnd
 .text.vListInsert
                0x080070ee       0x72 ./Middlewares/Third_Party/FreeRTOS/Source/list.o
                0x080070ee                vListInsert
 .text.uxListRemove
                0x08007160       0x54 ./Middlewares/Third_Party/FreeRTOS/Source/list.o
                0x08007160                uxListRemove
 .text.xQueueGenericReset
                0x080071b4       0xd4 ./Middlewares/Third_Party/FreeRTOS/Source/queue.o
                0x080071b4                xQueueGenericReset
 .text.xQueueGenericCreateStatic
                0x08007288       0xfa ./Middlewares/Third_Party/FreeRTOS/Source/queue.o
                0x08007288                xQueueGenericCreateStatic
 .text.xQueueGenericCreate
                0x08007382       0x76 ./Middlewares/Third_Party/FreeRTOS/Source/queue.o
                0x08007382                xQueueGenericCreate
 .text.prvInitialiseNewQueue
                0x080073f8       0x46 ./Middlewares/Third_Party/FreeRTOS/Source/queue.o
 .text.xQueueCreateCountingSemaphoreStatic
                0x0800743e       0x72 ./Middlewares/Third_Party/FreeRTOS/Source/queue.o
                0x0800743e                xQueueCreateCountingSemaphoreStatic
 .text.xQueueCreateCountingSemaphore
                0x080074b0       0x6a ./Middlewares/Third_Party/FreeRTOS/Source/queue.o
                0x080074b0                xQueueCreateCountingSemaphore
 *fill*         0x0800751a        0x2 
 .text.xQueueGenericSend
                0x0800751c      0x204 ./Middlewares/Third_Party/FreeRTOS/Source/queue.o
                0x0800751c                xQueueGenericSend
 .text.xQueueGenericSendFromISR
                0x08007720      0x13c ./Middlewares/Third_Party/FreeRTOS/Source/queue.o
                0x08007720                xQueueGenericSendFromISR
 .text.xQueueReceive
                0x0800785c      0x1c4 ./Middlewares/Third_Party/FreeRTOS/Source/queue.o
                0x0800785c                xQueueReceive
 .text.xQueueReceiveFromISR
                0x08007a20      0x104 ./Middlewares/Third_Party/FreeRTOS/Source/queue.o
                0x08007a20                xQueueReceiveFromISR
 .text.vQueueDelete
                0x08007b24       0x48 ./Middlewares/Third_Party/FreeRTOS/Source/queue.o
                0x08007b24                vQueueDelete
 .text.prvCopyDataToQueue
                0x08007b6c       0xd4 ./Middlewares/Third_Party/FreeRTOS/Source/queue.o
 .text.prvCopyDataFromQueue
                0x08007c40       0x4c ./Middlewares/Third_Party/FreeRTOS/Source/queue.o
 .text.prvUnlockQueue
                0x08007c8c       0xa4 ./Middlewares/Third_Party/FreeRTOS/Source/queue.o
 .text.prvIsQueueEmpty
                0x08007d30       0x2c ./Middlewares/Third_Party/FreeRTOS/Source/queue.o
 .text.prvIsQueueFull
                0x08007d5c       0x30 ./Middlewares/Third_Party/FreeRTOS/Source/queue.o
 .text.vQueueAddToRegistry
                0x08007d8c       0x54 ./Middlewares/Third_Party/FreeRTOS/Source/queue.o
                0x08007d8c                vQueueAddToRegistry
 .text.vQueueUnregisterQueue
                0x08007de0       0x54 ./Middlewares/Third_Party/FreeRTOS/Source/queue.o
                0x08007de0                vQueueUnregisterQueue
 .text.vQueueWaitForMessageRestricted
                0x08007e34       0x68 ./Middlewares/Third_Party/FreeRTOS/Source/queue.o
                0x08007e34                vQueueWaitForMessageRestricted
 .text.xTaskCreateStatic
                0x08007e9c       0xc0 ./Middlewares/Third_Party/FreeRTOS/Source/tasks.o
                0x08007e9c                xTaskCreateStatic
 .text.xTaskCreate
                0x08007f5c       0x8a ./Middlewares/Third_Party/FreeRTOS/Source/tasks.o
                0x08007f5c                xTaskCreate
 *fill*         0x08007fe6        0x2 
 .text.prvInitialiseNewTask
                0x08007fe8      0x154 ./Middlewares/Third_Party/FreeRTOS/Source/tasks.o
 .text.prvAddNewTaskToReadyList
                0x0800813c       0xe0 ./Middlewares/Third_Party/FreeRTOS/Source/tasks.o
 .text.vTaskDelay
                0x0800821c       0x6c ./Middlewares/Third_Party/FreeRTOS/Source/tasks.o
                0x0800821c                vTaskDelay
 .text.vTaskStartScheduler
                0x08008288       0xe4 ./Middlewares/Third_Party/FreeRTOS/Source/tasks.o
                0x08008288                vTaskStartScheduler
 .text.vTaskSuspendAll
                0x0800836c       0x1c ./Middlewares/Third_Party/FreeRTOS/Source/tasks.o
                0x0800836c                vTaskSuspendAll
 .text.xTaskResumeAll
                0x08008388      0x13c ./Middlewares/Third_Party/FreeRTOS/Source/tasks.o
                0x08008388                xTaskResumeAll
 .text.xTaskGetTickCount
                0x080084c4       0x20 ./Middlewares/Third_Party/FreeRTOS/Source/tasks.o
                0x080084c4                xTaskGetTickCount
 .text.xTaskGetTickCountFromISR
                0x080084e4       0x24 ./Middlewares/Third_Party/FreeRTOS/Source/tasks.o
                0x080084e4                xTaskGetTickCountFromISR
 .text.xTaskIncrementTick
                0x08008508      0x174 ./Middlewares/Third_Party/FreeRTOS/Source/tasks.o
                0x08008508                xTaskIncrementTick
 .text.vTaskSwitchContext
                0x0800867c      0x100 ./Middlewares/Third_Party/FreeRTOS/Source/tasks.o
                0x0800867c                vTaskSwitchContext
 .text.vTaskPlaceOnEventList
                0x0800877c       0x4c ./Middlewares/Third_Party/FreeRTOS/Source/tasks.o
                0x0800877c                vTaskPlaceOnEventList
 .text.vTaskPlaceOnEventListRestricted
                0x080087c8       0x58 ./Middlewares/Third_Party/FreeRTOS/Source/tasks.o
                0x080087c8                vTaskPlaceOnEventListRestricted
 .text.xTaskRemoveFromEventList
                0x08008820       0xc8 ./Middlewares/Third_Party/FreeRTOS/Source/tasks.o
                0x08008820                xTaskRemoveFromEventList
 .text.vTaskInternalSetTimeOutState
                0x080088e8       0x2c ./Middlewares/Third_Party/FreeRTOS/Source/tasks.o
                0x080088e8                vTaskInternalSetTimeOutState
 .text.xTaskCheckForTimeOut
                0x08008914       0xc8 ./Middlewares/Third_Party/FreeRTOS/Source/tasks.o
                0x08008914                xTaskCheckForTimeOut
 .text.vTaskMissedYield
                0x080089dc       0x18 ./Middlewares/Third_Party/FreeRTOS/Source/tasks.o
                0x080089dc                vTaskMissedYield
 .text.prvIdleTask
                0x080089f4       0x30 ./Middlewares/Third_Party/FreeRTOS/Source/tasks.o
 .text.prvInitialiseTaskLists
                0x08008a24       0x80 ./Middlewares/Third_Party/FreeRTOS/Source/tasks.o
 .text.prvCheckTasksWaitingTermination
                0x08008aa4       0x5c ./Middlewares/Third_Party/FreeRTOS/Source/tasks.o
 .text.prvDeleteTCB
                0x08008b00       0x6a ./Middlewares/Third_Party/FreeRTOS/Source/tasks.o
 *fill*         0x08008b6a        0x2 
 .text.prvResetNextTaskUnblockTime
                0x08008b6c       0x40 ./Middlewares/Third_Party/FreeRTOS/Source/tasks.o
 .text.xTaskGetSchedulerState
                0x08008bac       0x3c ./Middlewares/Third_Party/FreeRTOS/Source/tasks.o
                0x08008bac                xTaskGetSchedulerState
 .text.xTaskPriorityDisinherit
                0x08008be8       0xe0 ./Middlewares/Third_Party/FreeRTOS/Source/tasks.o
                0x08008be8                xTaskPriorityDisinherit
 .text.xTaskNotifyWait
                0x08008cc8       0xc0 ./Middlewares/Third_Party/FreeRTOS/Source/tasks.o
                0x08008cc8                xTaskNotifyWait
 .text.prvAddCurrentTaskToDelayedList
                0x08008d88       0xa8 ./Middlewares/Third_Party/FreeRTOS/Source/tasks.o
 .text.xTimerCreateTimerTask
                0x08008e30       0x94 ./Middlewares/Third_Party/FreeRTOS/Source/timers.o
                0x08008e30                xTimerCreateTimerTask
 .text.xTimerGenericCommand
                0x08008ec4       0x9c ./Middlewares/Third_Party/FreeRTOS/Source/timers.o
                0x08008ec4                xTimerGenericCommand
 .text.prvProcessExpiredTimer
                0x08008f60       0x9c ./Middlewares/Third_Party/FreeRTOS/Source/timers.o
 .text.prvTimerTask
                0x08008ffc       0x26 ./Middlewares/Third_Party/FreeRTOS/Source/timers.o
 *fill*         0x08009022        0x2 
 .text.prvProcessTimerOrBlockTask
                0x08009024       0x9c ./Middlewares/Third_Party/FreeRTOS/Source/timers.o
 .text.prvGetNextExpireTime
                0x080090c0       0x48 ./Middlewares/Third_Party/FreeRTOS/Source/timers.o
 .text.prvSampleTimeNow
                0x08009108       0x40 ./Middlewares/Third_Party/FreeRTOS/Source/timers.o
 .text.prvInsertTimerInActiveList
                0x08009148       0x84 ./Middlewares/Third_Party/FreeRTOS/Source/timers.o
 .text.prvProcessReceivedCommands
                0x080091cc      0x1cc ./Middlewares/Third_Party/FreeRTOS/Source/timers.o
 .text.prvSwitchTimerLists
                0x08009398       0xcc ./Middlewares/Third_Party/FreeRTOS/Source/timers.o
 .text.prvCheckForValidListAndQueue
                0x08009464       0x80 ./Middlewares/Third_Party/FreeRTOS/Source/timers.o
 .text.pxPortInitialiseStack
                0x080094e4       0x68 ./Middlewares/Third_Party/FreeRTOS/Source/portable/GCC/ARM_CM4F/port.o
                0x080094e4                pxPortInitialiseStack
 .text.prvTaskExitError
                0x0800954c       0x5c ./Middlewares/Third_Party/FreeRTOS/Source/portable/GCC/ARM_CM4F/port.o
 *fill*         0x080095a8        0x8 
 .text.SVC_Handler
                0x080095b0       0x28 ./Middlewares/Third_Party/FreeRTOS/Source/portable/GCC/ARM_CM4F/port.o
                0x080095b0                SVC_Handler
 .text.prvPortStartFirstTask
                0x080095d8       0x28 ./Middlewares/Third_Party/FreeRTOS/Source/portable/GCC/ARM_CM4F/port.o
 .text.xPortStartScheduler
                0x08009600      0x148 ./Middlewares/Third_Party/FreeRTOS/Source/portable/GCC/ARM_CM4F/port.o
                0x08009600                xPortStartScheduler
 .text.vPortEnterCritical
                0x08009748       0x64 ./Middlewares/Third_Party/FreeRTOS/Source/portable/GCC/ARM_CM4F/port.o
                0x08009748                vPortEnterCritical
 .text.vPortExitCritical
                0x080097ac       0x54 ./Middlewares/Third_Party/FreeRTOS/Source/portable/GCC/ARM_CM4F/port.o
                0x080097ac                vPortExitCritical
 .text.PendSV_Handler
                0x08009800       0x68 ./Middlewares/Third_Party/FreeRTOS/Source/portable/GCC/ARM_CM4F/port.o
                0x08009800                PendSV_Handler
 .text.xPortSysTickHandler
                0x08009868       0x44 ./Middlewares/Third_Party/FreeRTOS/Source/portable/GCC/ARM_CM4F/port.o
                0x08009868                xPortSysTickHandler
 .text.vPortSetupTimerInterrupt
                0x080098ac       0x48 ./Middlewares/Third_Party/FreeRTOS/Source/portable/GCC/ARM_CM4F/port.o
                0x080098ac                vPortSetupTimerInterrupt
 .text.vPortEnableVFP
                0x080098f4       0x14 ./Middlewares/Third_Party/FreeRTOS/Source/portable/GCC/ARM_CM4F/port.o
 .text.vPortValidateInterruptPriority
                0x08009908       0x84 ./Middlewares/Third_Party/FreeRTOS/Source/portable/GCC/ARM_CM4F/port.o
                0x08009908                vPortValidateInterruptPriority
 .text.pvPortMalloc
                0x0800998c      0x19c ./Middlewares/Third_Party/FreeRTOS/Source/portable/MemMang/heap_4.o
                0x0800998c                pvPortMalloc
 .text.vPortFree
                0x08009b28       0xc8 ./Middlewares/Third_Party/FreeRTOS/Source/portable/MemMang/heap_4.o
                0x08009b28                vPortFree
 .text.prvHeapInit
                0x08009bf0       0xc4 ./Middlewares/Third_Party/FreeRTOS/Source/portable/MemMang/heap_4.o
 .text.prvInsertBlockIntoFreeList
                0x08009cb4       0xb4 ./Middlewares/Third_Party/FreeRTOS/Source/portable/MemMang/heap_4.o
 .text.__itoa   0x08009d68       0x30 D:/STM32CubeIDE_1.17.0/STM32CubeIDE/plugins/com.st.stm32cube.ide.mcu.externaltools.gnu-tools-for-stm32.12.3.rel1.win32_1.1.0.202410251130/tools/bin/../lib/gcc/arm-none-eabi/12.3.1/../../../../arm-none-eabi/lib/thumb/v7e-m+fp/hard\libc_nano.a(libc_a-itoa.o)
                0x08009d68                __itoa
 .text.itoa     0x08009d98        0x4 D:/STM32CubeIDE_1.17.0/STM32CubeIDE/plugins/com.st.stm32cube.ide.mcu.externaltools.gnu-tools-for-stm32.12.3.rel1.win32_1.1.0.202410251130/tools/bin/../lib/gcc/arm-none-eabi/12.3.1/../../../../arm-none-eabi/lib/thumb/v7e-m+fp/hard\libc_nano.a(libc_a-itoa.o)
                0x08009d98                itoa
 .text._strtol_l.constprop.0
                0x08009d9c       0xf4 D:/STM32CubeIDE_1.17.0/STM32CubeIDE/plugins/com.st.stm32cube.ide.mcu.externaltools.gnu-tools-for-stm32.12.3.rel1.win32_1.1.0.202410251130/tools/bin/../lib/gcc/arm-none-eabi/12.3.1/../../../../arm-none-eabi/lib/thumb/v7e-m+fp/hard\libc_nano.a(libc_a-strtol.o)
 .text._strtol_r
                0x08009e90        0x4 D:/STM32CubeIDE_1.17.0/STM32CubeIDE/plugins/com.st.stm32cube.ide.mcu.externaltools.gnu-tools-for-stm32.12.3.rel1.win32_1.1.0.202410251130/tools/bin/../lib/gcc/arm-none-eabi/12.3.1/../../../../arm-none-eabi/lib/thumb/v7e-m+fp/hard\libc_nano.a(libc_a-strtol.o)
                0x08009e90                _strtol_r
 .text.strtol   0x08009e94       0x14 D:/STM32CubeIDE_1.17.0/STM32CubeIDE/plugins/com.st.stm32cube.ide.mcu.externaltools.gnu-tools-for-stm32.12.3.rel1.win32_1.1.0.202410251130/tools/bin/../lib/gcc/arm-none-eabi/12.3.1/../../../../arm-none-eabi/lib/thumb/v7e-m+fp/hard\libc_nano.a(libc_a-strtol.o)
                0x08009e94                strtol
 .text.__utoa   0x08009ea8       0x84 D:/STM32CubeIDE_1.17.0/STM32CubeIDE/plugins/com.st.stm32cube.ide.mcu.externaltools.gnu-tools-for-stm32.12.3.rel1.win32_1.1.0.202410251130/tools/bin/../lib/gcc/arm-none-eabi/12.3.1/../../../../arm-none-eabi/lib/thumb/v7e-m+fp/hard\libc_nano.a(libc_a-utoa.o)
                0x08009ea8                __utoa
 .text.__cvt    0x08009f2c       0xca D:/STM32CubeIDE_1.17.0/STM32CubeIDE/plugins/com.st.stm32cube.ide.mcu.externaltools.gnu-tools-for-stm32.12.3.rel1.win32_1.1.0.202410251130/tools/bin/../lib/gcc/arm-none-eabi/12.3.1/../../../../arm-none-eabi/lib/thumb/v7e-m+fp/hard\libc_nano.a(libc_a-nano-vfprintf_float.o)
                0x08009f2c                __cvt
 .text.__exponent
                0x08009ff6       0x74 D:/STM32CubeIDE_1.17.0/STM32CubeIDE/plugins/com.st.stm32cube.ide.mcu.externaltools.gnu-tools-for-stm32.12.3.rel1.win32_1.1.0.202410251130/tools/bin/../lib/gcc/arm-none-eabi/12.3.1/../../../../arm-none-eabi/lib/thumb/v7e-m+fp/hard\libc_nano.a(libc_a-nano-vfprintf_float.o)
                0x08009ff6                __exponent
 *fill*         0x0800a06a        0x2 
 .text._printf_float
                0x0800a06c      0x454 D:/STM32CubeIDE_1.17.0/STM32CubeIDE/plugins/com.st.stm32cube.ide.mcu.externaltools.gnu-tools-for-stm32.12.3.rel1.win32_1.1.0.202410251130/tools/bin/../lib/gcc/arm-none-eabi/12.3.1/../../../../arm-none-eabi/lib/thumb/v7e-m+fp/hard\libc_nano.a(libc_a-nano-vfprintf_float.o)
                0x0800a06c                _printf_float
 .text._printf_common
                0x0800a4c0       0xda D:/STM32CubeIDE_1.17.0/STM32CubeIDE/plugins/com.st.stm32cube.ide.mcu.externaltools.gnu-tools-for-stm32.12.3.rel1.win32_1.1.0.202410251130/tools/bin/../lib/gcc/arm-none-eabi/12.3.1/../../../../arm-none-eabi/lib/thumb/v7e-m+fp/hard\libc_nano.a(libc_a-nano-vfprintf_i.o)
                0x0800a4c0                _printf_common
 *fill*         0x0800a59a        0x2 
 .text._printf_i
                0x0800a59c      0x240 D:/STM32CubeIDE_1.17.0/STM32CubeIDE/plugins/com.st.stm32cube.ide.mcu.externaltools.gnu-tools-for-stm32.12.3.rel1.win32_1.1.0.202410251130/tools/bin/../lib/gcc/arm-none-eabi/12.3.1/../../../../arm-none-eabi/lib/thumb/v7e-m+fp/hard\libc_nano.a(libc_a-nano-vfprintf_i.o)
                0x0800a59c                _printf_i
 .text._scanf_float
                0x0800a7dc      0x428 D:/STM32CubeIDE_1.17.0/STM32CubeIDE/plugins/com.st.stm32cube.ide.mcu.externaltools.gnu-tools-for-stm32.12.3.rel1.win32_1.1.0.202410251130/tools/bin/../lib/gcc/arm-none-eabi/12.3.1/../../../../arm-none-eabi/lib/thumb/v7e-m+fp/hard\libc_nano.a(libc_a-nano-vfscanf_float.o)
                0x0800a7dc                _scanf_float
 .text.__sflush_r
                0x0800ac04      0x108 D:/STM32CubeIDE_1.17.0/STM32CubeIDE/plugins/com.st.stm32cube.ide.mcu.externaltools.gnu-tools-for-stm32.12.3.rel1.win32_1.1.0.202410251130/tools/bin/../lib/gcc/arm-none-eabi/12.3.1/../../../../arm-none-eabi/lib/thumb/v7e-m+fp/hard\libc_nano.a(libc_a-fflush.o)
                0x0800ac04                __sflush_r
 .text._fflush_r
                0x0800ad0c       0x50 D:/STM32CubeIDE_1.17.0/STM32CubeIDE/plugins/com.st.stm32cube.ide.mcu.externaltools.gnu-tools-for-stm32.12.3.rel1.win32_1.1.0.202410251130/tools/bin/../lib/gcc/arm-none-eabi/12.3.1/../../../../arm-none-eabi/lib/thumb/v7e-m+fp/hard\libc_nano.a(libc_a-fflush.o)
                0x0800ad0c                _fflush_r
 .text.fflush   0x0800ad5c       0x28 D:/STM32CubeIDE_1.17.0/STM32CubeIDE/plugins/com.st.stm32cube.ide.mcu.externaltools.gnu-tools-for-stm32.12.3.rel1.win32_1.1.0.202410251130/tools/bin/../lib/gcc/arm-none-eabi/12.3.1/../../../../arm-none-eabi/lib/thumb/v7e-m+fp/hard\libc_nano.a(libc_a-fflush.o)
                0x0800ad5c                fflush
 .text.std      0x0800ad84       0x6c D:/STM32CubeIDE_1.17.0/STM32CubeIDE/plugins/com.st.stm32cube.ide.mcu.externaltools.gnu-tools-for-stm32.12.3.rel1.win32_1.1.0.202410251130/tools/bin/../lib/gcc/arm-none-eabi/12.3.1/../../../../arm-none-eabi/lib/thumb/v7e-m+fp/hard\libc_nano.a(libc_a-findfp.o)
 .text.stdio_exit_handler
                0x0800adf0       0x18 D:/STM32CubeIDE_1.17.0/STM32CubeIDE/plugins/com.st.stm32cube.ide.mcu.externaltools.gnu-tools-for-stm32.12.3.rel1.win32_1.1.0.202410251130/tools/bin/../lib/gcc/arm-none-eabi/12.3.1/../../../../arm-none-eabi/lib/thumb/v7e-m+fp/hard\libc_nano.a(libc_a-findfp.o)
 .text.cleanup_stdio
                0x0800ae08       0x40 D:/STM32CubeIDE_1.17.0/STM32CubeIDE/plugins/com.st.stm32cube.ide.mcu.externaltools.gnu-tools-for-stm32.12.3.rel1.win32_1.1.0.202410251130/tools/bin/../lib/gcc/arm-none-eabi/12.3.1/../../../../arm-none-eabi/lib/thumb/v7e-m+fp/hard\libc_nano.a(libc_a-findfp.o)
 .text.global_stdio_init.part.0
                0x0800ae48       0x3c D:/STM32CubeIDE_1.17.0/STM32CubeIDE/plugins/com.st.stm32cube.ide.mcu.externaltools.gnu-tools-for-stm32.12.3.rel1.win32_1.1.0.202410251130/tools/bin/../lib/gcc/arm-none-eabi/12.3.1/../../../../arm-none-eabi/lib/thumb/v7e-m+fp/hard\libc_nano.a(libc_a-findfp.o)
 .text.__sfp_lock_acquire
                0x0800ae84        0xc D:/STM32CubeIDE_1.17.0/STM32CubeIDE/plugins/com.st.stm32cube.ide.mcu.externaltools.gnu-tools-for-stm32.12.3.rel1.win32_1.1.0.202410251130/tools/bin/../lib/gcc/arm-none-eabi/12.3.1/../../../../arm-none-eabi/lib/thumb/v7e-m+fp/hard\libc_nano.a(libc_a-findfp.o)
                0x0800ae84                __sfp_lock_acquire
 .text.__sfp_lock_release
                0x0800ae90        0xc D:/STM32CubeIDE_1.17.0/STM32CubeIDE/plugins/com.st.stm32cube.ide.mcu.externaltools.gnu-tools-for-stm32.12.3.rel1.win32_1.1.0.202410251130/tools/bin/../lib/gcc/arm-none-eabi/12.3.1/../../../../arm-none-eabi/lib/thumb/v7e-m+fp/hard\libc_nano.a(libc_a-findfp.o)
                0x0800ae90                __sfp_lock_release
 .text.__sinit  0x0800ae9c       0x30 D:/STM32CubeIDE_1.17.0/STM32CubeIDE/plugins/com.st.stm32cube.ide.mcu.externaltools.gnu-tools-for-stm32.12.3.rel1.win32_1.1.0.202410251130/tools/bin/../lib/gcc/arm-none-eabi/12.3.1/../../../../arm-none-eabi/lib/thumb/v7e-m+fp/hard\libc_nano.a(libc_a-findfp.o)
                0x0800ae9c                __sinit
 .text._fwalk_sglue
                0x0800aecc       0x3c D:/STM32CubeIDE_1.17.0/STM32CubeIDE/plugins/com.st.stm32cube.ide.mcu.externaltools.gnu-tools-for-stm32.12.3.rel1.win32_1.1.0.202410251130/tools/bin/../lib/gcc/arm-none-eabi/12.3.1/../../../../arm-none-eabi/lib/thumb/v7e-m+fp/hard\libc_nano.a(libc_a-fwalk.o)
                0x0800aecc                _fwalk_sglue
 .text.printf   0x0800af08       0x24 D:/STM32CubeIDE_1.17.0/STM32CubeIDE/plugins/com.st.stm32cube.ide.mcu.externaltools.gnu-tools-for-stm32.12.3.rel1.win32_1.1.0.202410251130/tools/bin/../lib/gcc/arm-none-eabi/12.3.1/../../../../arm-none-eabi/lib/thumb/v7e-m+fp/hard\libc_nano.a(libc_a-printf.o)
                0x0800af08                iprintf
                0x0800af08                printf
 .text.sprintf  0x0800af2c       0x40 D:/STM32CubeIDE_1.17.0/STM32CubeIDE/plugins/com.st.stm32cube.ide.mcu.externaltools.gnu-tools-for-stm32.12.3.rel1.win32_1.1.0.202410251130/tools/bin/../lib/gcc/arm-none-eabi/12.3.1/../../../../arm-none-eabi/lib/thumb/v7e-m+fp/hard\libc_nano.a(libc_a-sprintf.o)
                0x0800af2c                siprintf
                0x0800af2c                sprintf
 .text.__sread  0x0800af6c       0x22 D:/STM32CubeIDE_1.17.0/STM32CubeIDE/plugins/com.st.stm32cube.ide.mcu.externaltools.gnu-tools-for-stm32.12.3.rel1.win32_1.1.0.202410251130/tools/bin/../lib/gcc/arm-none-eabi/12.3.1/../../../../arm-none-eabi/lib/thumb/v7e-m+fp/hard\libc_nano.a(libc_a-stdio.o)
                0x0800af6c                __sread
 .text.__swrite
                0x0800af8e       0x38 D:/STM32CubeIDE_1.17.0/STM32CubeIDE/plugins/com.st.stm32cube.ide.mcu.externaltools.gnu-tools-for-stm32.12.3.rel1.win32_1.1.0.202410251130/tools/bin/../lib/gcc/arm-none-eabi/12.3.1/../../../../arm-none-eabi/lib/thumb/v7e-m+fp/hard\libc_nano.a(libc_a-stdio.o)
                0x0800af8e                __swrite
 .text.__sseek  0x0800afc6       0x24 D:/STM32CubeIDE_1.17.0/STM32CubeIDE/plugins/com.st.stm32cube.ide.mcu.externaltools.gnu-tools-for-stm32.12.3.rel1.win32_1.1.0.202410251130/tools/bin/../lib/gcc/arm-none-eabi/12.3.1/../../../../arm-none-eabi/lib/thumb/v7e-m+fp/hard\libc_nano.a(libc_a-stdio.o)
                0x0800afc6                __sseek
 .text.__sclose
                0x0800afea        0x8 D:/STM32CubeIDE_1.17.0/STM32CubeIDE/plugins/com.st.stm32cube.ide.mcu.externaltools.gnu-tools-for-stm32.12.3.rel1.win32_1.1.0.202410251130/tools/bin/../lib/gcc/arm-none-eabi/12.3.1/../../../../arm-none-eabi/lib/thumb/v7e-m+fp/hard\libc_nano.a(libc_a-stdio.o)
                0x0800afea                __sclose
 .text.memset   0x0800aff2       0x10 D:/STM32CubeIDE_1.17.0/STM32CubeIDE/plugins/com.st.stm32cube.ide.mcu.externaltools.gnu-tools-for-stm32.12.3.rel1.win32_1.1.0.202410251130/tools/bin/../lib/gcc/arm-none-eabi/12.3.1/../../../../arm-none-eabi/lib/thumb/v7e-m+fp/hard\libc_nano.a(libc_a-memset.o)
                0x0800aff2                memset
 .text.strncmp  0x0800b002       0x24 D:/STM32CubeIDE_1.17.0/STM32CubeIDE/plugins/com.st.stm32cube.ide.mcu.externaltools.gnu-tools-for-stm32.12.3.rel1.win32_1.1.0.202410251130/tools/bin/../lib/gcc/arm-none-eabi/12.3.1/../../../../arm-none-eabi/lib/thumb/v7e-m+fp/hard\libc_nano.a(libc_a-strncmp.o)
                0x0800b002                strncmp
 .text.strncpy  0x0800b026       0x26 D:/STM32CubeIDE_1.17.0/STM32CubeIDE/plugins/com.st.stm32cube.ide.mcu.externaltools.gnu-tools-for-stm32.12.3.rel1.win32_1.1.0.202410251130/tools/bin/../lib/gcc/arm-none-eabi/12.3.1/../../../../arm-none-eabi/lib/thumb/v7e-m+fp/hard\libc_nano.a(libc_a-strncpy.o)
                0x0800b026                strncpy
 .text._localeconv_r
                0x0800b04c        0x8 D:/STM32CubeIDE_1.17.0/STM32CubeIDE/plugins/com.st.stm32cube.ide.mcu.externaltools.gnu-tools-for-stm32.12.3.rel1.win32_1.1.0.202410251130/tools/bin/../lib/gcc/arm-none-eabi/12.3.1/../../../../arm-none-eabi/lib/thumb/v7e-m+fp/hard\libc_nano.a(libc_a-localeconv.o)
                0x0800b04c                _localeconv_r
 .text._close_r
                0x0800b054       0x20 D:/STM32CubeIDE_1.17.0/STM32CubeIDE/plugins/com.st.stm32cube.ide.mcu.externaltools.gnu-tools-for-stm32.12.3.rel1.win32_1.1.0.202410251130/tools/bin/../lib/gcc/arm-none-eabi/12.3.1/../../../../arm-none-eabi/lib/thumb/v7e-m+fp/hard\libc_nano.a(libc_a-closer.o)
                0x0800b054                _close_r
 .text._reclaim_reent
                0x0800b074       0xac D:/STM32CubeIDE_1.17.0/STM32CubeIDE/plugins/com.st.stm32cube.ide.mcu.externaltools.gnu-tools-for-stm32.12.3.rel1.win32_1.1.0.202410251130/tools/bin/../lib/gcc/arm-none-eabi/12.3.1/../../../../arm-none-eabi/lib/thumb/v7e-m+fp/hard\libc_nano.a(libc_a-reent.o)
                0x0800b074                _reclaim_reent
 .text._lseek_r
                0x0800b120       0x24 D:/STM32CubeIDE_1.17.0/STM32CubeIDE/plugins/com.st.stm32cube.ide.mcu.externaltools.gnu-tools-for-stm32.12.3.rel1.win32_1.1.0.202410251130/tools/bin/../lib/gcc/arm-none-eabi/12.3.1/../../../../arm-none-eabi/lib/thumb/v7e-m+fp/hard\libc_nano.a(libc_a-lseekr.o)
                0x0800b120                _lseek_r
 .text._read_r  0x0800b144       0x24 D:/STM32CubeIDE_1.17.0/STM32CubeIDE/plugins/com.st.stm32cube.ide.mcu.externaltools.gnu-tools-for-stm32.12.3.rel1.win32_1.1.0.202410251130/tools/bin/../lib/gcc/arm-none-eabi/12.3.1/../../../../arm-none-eabi/lib/thumb/v7e-m+fp/hard\libc_nano.a(libc_a-readr.o)
                0x0800b144                _read_r
 .text._write_r
                0x0800b168       0x24 D:/STM32CubeIDE_1.17.0/STM32CubeIDE/plugins/com.st.stm32cube.ide.mcu.externaltools.gnu-tools-for-stm32.12.3.rel1.win32_1.1.0.202410251130/tools/bin/../lib/gcc/arm-none-eabi/12.3.1/../../../../arm-none-eabi/lib/thumb/v7e-m+fp/hard\libc_nano.a(libc_a-writer.o)
                0x0800b168                _write_r
 .text.__errno  0x0800b18c        0xc D:/STM32CubeIDE_1.17.0/STM32CubeIDE/plugins/com.st.stm32cube.ide.mcu.externaltools.gnu-tools-for-stm32.12.3.rel1.win32_1.1.0.202410251130/tools/bin/../lib/gcc/arm-none-eabi/12.3.1/../../../../arm-none-eabi/lib/thumb/v7e-m+fp/hard\libc_nano.a(libc_a-errno.o)
                0x0800b18c                __errno
 .text.__libc_init_array
                0x0800b198       0x48 D:/STM32CubeIDE_1.17.0/STM32CubeIDE/plugins/com.st.stm32cube.ide.mcu.externaltools.gnu-tools-for-stm32.12.3.rel1.win32_1.1.0.202410251130/tools/bin/../lib/gcc/arm-none-eabi/12.3.1/../../../../arm-none-eabi/lib/thumb/v7e-m+fp/hard\libc_nano.a(libc_a-init.o)
                0x0800b198                __libc_init_array
 .text.__retarget_lock_init_recursive
                0x0800b1e0        0x2 D:/STM32CubeIDE_1.17.0/STM32CubeIDE/plugins/com.st.stm32cube.ide.mcu.externaltools.gnu-tools-for-stm32.12.3.rel1.win32_1.1.0.202410251130/tools/bin/../lib/gcc/arm-none-eabi/12.3.1/../../../../arm-none-eabi/lib/thumb/v7e-m+fp/hard\libc_nano.a(libc_a-lock.o)
                0x0800b1e0                __retarget_lock_init_recursive
 .text.__retarget_lock_acquire_recursive
                0x0800b1e2        0x2 D:/STM32CubeIDE_1.17.0/STM32CubeIDE/plugins/com.st.stm32cube.ide.mcu.externaltools.gnu-tools-for-stm32.12.3.rel1.win32_1.1.0.202410251130/tools/bin/../lib/gcc/arm-none-eabi/12.3.1/../../../../arm-none-eabi/lib/thumb/v7e-m+fp/hard\libc_nano.a(libc_a-lock.o)
                0x0800b1e2                __retarget_lock_acquire_recursive
 .text.__retarget_lock_release_recursive
                0x0800b1e4        0x2 D:/STM32CubeIDE_1.17.0/STM32CubeIDE/plugins/com.st.stm32cube.ide.mcu.externaltools.gnu-tools-for-stm32.12.3.rel1.win32_1.1.0.202410251130/tools/bin/../lib/gcc/arm-none-eabi/12.3.1/../../../../arm-none-eabi/lib/thumb/v7e-m+fp/hard\libc_nano.a(libc_a-lock.o)
                0x0800b1e4                __retarget_lock_release_recursive
 .text.strcpy   0x0800b1e6       0x10 D:/STM32CubeIDE_1.17.0/STM32CubeIDE/plugins/com.st.stm32cube.ide.mcu.externaltools.gnu-tools-for-stm32.12.3.rel1.win32_1.1.0.202410251130/tools/bin/../lib/gcc/arm-none-eabi/12.3.1/../../../../arm-none-eabi/lib/thumb/v7e-m+fp/hard\libc_nano.a(libc_a-strcpy.o)
                0x0800b1e6                strcpy
 .text.memcpy   0x0800b1f6       0x1c D:/STM32CubeIDE_1.17.0/STM32CubeIDE/plugins/com.st.stm32cube.ide.mcu.externaltools.gnu-tools-for-stm32.12.3.rel1.win32_1.1.0.202410251130/tools/bin/../lib/gcc/arm-none-eabi/12.3.1/../../../../arm-none-eabi/lib/thumb/v7e-m+fp/hard\libc_nano.a(libc_a-memcpy-stub.o)
                0x0800b1f6                memcpy
 *fill*         0x0800b212        0x2 
 .text.nanf     0x0800b214        0xc D:/STM32CubeIDE_1.17.0/STM32CubeIDE/plugins/com.st.stm32cube.ide.mcu.externaltools.gnu-tools-for-stm32.12.3.rel1.win32_1.1.0.202410251130/tools/bin/../lib/gcc/arm-none-eabi/12.3.1/../../../../arm-none-eabi/lib/thumb/v7e-m+fp/hard\libc_nano.a(libm_a-sf_nan.o)
                0x0800b214                nanf
 .text.quorem   0x0800b220      0x110 D:/STM32CubeIDE_1.17.0/STM32CubeIDE/plugins/com.st.stm32cube.ide.mcu.externaltools.gnu-tools-for-stm32.12.3.rel1.win32_1.1.0.202410251130/tools/bin/../lib/gcc/arm-none-eabi/12.3.1/../../../../arm-none-eabi/lib/thumb/v7e-m+fp/hard\libc_nano.a(libc_a-dtoa.o)
 .text._dtoa_r  0x0800b330      0xb88 D:/STM32CubeIDE_1.17.0/STM32CubeIDE/plugins/com.st.stm32cube.ide.mcu.externaltools.gnu-tools-for-stm32.12.3.rel1.win32_1.1.0.202410251130/tools/bin/../lib/gcc/arm-none-eabi/12.3.1/../../../../arm-none-eabi/lib/thumb/v7e-m+fp/hard\libc_nano.a(libc_a-dtoa.o)
                0x0800b330                _dtoa_r
 .text._free_r  0x0800beb8       0x94 D:/STM32CubeIDE_1.17.0/STM32CubeIDE/plugins/com.st.stm32cube.ide.mcu.externaltools.gnu-tools-for-stm32.12.3.rel1.win32_1.1.0.202410251130/tools/bin/../lib/gcc/arm-none-eabi/12.3.1/../../../../arm-none-eabi/lib/thumb/v7e-m+fp/hard\libc_nano.a(libc_a-freer.o)
                0x0800beb8                _free_r
 .text.malloc   0x0800bf4c       0x10 D:/STM32CubeIDE_1.17.0/STM32CubeIDE/plugins/com.st.stm32cube.ide.mcu.externaltools.gnu-tools-for-stm32.12.3.rel1.win32_1.1.0.202410251130/tools/bin/../lib/gcc/arm-none-eabi/12.3.1/../../../../arm-none-eabi/lib/thumb/v7e-m+fp/hard\libc_nano.a(libc_a-malloc.o)
                0x0800bf4c                malloc
 .text.sbrk_aligned
                0x0800bf5c       0x44 D:/STM32CubeIDE_1.17.0/STM32CubeIDE/plugins/com.st.stm32cube.ide.mcu.externaltools.gnu-tools-for-stm32.12.3.rel1.win32_1.1.0.202410251130/tools/bin/../lib/gcc/arm-none-eabi/12.3.1/../../../../arm-none-eabi/lib/thumb/v7e-m+fp/hard\libc_nano.a(libc_a-mallocr.o)
 .text._malloc_r
                0x0800bfa0      0x100 D:/STM32CubeIDE_1.17.0/STM32CubeIDE/plugins/com.st.stm32cube.ide.mcu.externaltools.gnu-tools-for-stm32.12.3.rel1.win32_1.1.0.202410251130/tools/bin/../lib/gcc/arm-none-eabi/12.3.1/../../../../arm-none-eabi/lib/thumb/v7e-m+fp/hard\libc_nano.a(libc_a-mallocr.o)
                0x0800bfa0                _malloc_r
 .text.__malloc_lock
                0x0800c0a0        0xc D:/STM32CubeIDE_1.17.0/STM32CubeIDE/plugins/com.st.stm32cube.ide.mcu.externaltools.gnu-tools-for-stm32.12.3.rel1.win32_1.1.0.202410251130/tools/bin/../lib/gcc/arm-none-eabi/12.3.1/../../../../arm-none-eabi/lib/thumb/v7e-m+fp/hard\libc_nano.a(libc_a-mlock.o)
                0x0800c0a0                __malloc_lock
 .text.__malloc_unlock
                0x0800c0ac        0xc D:/STM32CubeIDE_1.17.0/STM32CubeIDE/plugins/com.st.stm32cube.ide.mcu.externaltools.gnu-tools-for-stm32.12.3.rel1.win32_1.1.0.202410251130/tools/bin/../lib/gcc/arm-none-eabi/12.3.1/../../../../arm-none-eabi/lib/thumb/v7e-m+fp/hard\libc_nano.a(libc_a-mlock.o)
                0x0800c0ac                __malloc_unlock
 .text._Balloc  0x0800c0b8       0x80 D:/STM32CubeIDE_1.17.0/STM32CubeIDE/plugins/com.st.stm32cube.ide.mcu.externaltools.gnu-tools-for-stm32.12.3.rel1.win32_1.1.0.202410251130/tools/bin/../lib/gcc/arm-none-eabi/12.3.1/../../../../arm-none-eabi/lib/thumb/v7e-m+fp/hard\libc_nano.a(libc_a-mprec.o)
                0x0800c0b8                _Balloc
 .text._Bfree   0x0800c138       0x44 D:/STM32CubeIDE_1.17.0/STM32CubeIDE/plugins/com.st.stm32cube.ide.mcu.externaltools.gnu-tools-for-stm32.12.3.rel1.win32_1.1.0.202410251130/tools/bin/../lib/gcc/arm-none-eabi/12.3.1/../../../../arm-none-eabi/lib/thumb/v7e-m+fp/hard\libc_nano.a(libc_a-mprec.o)
                0x0800c138                _Bfree
 .text.__multadd
                0x0800c17c       0x8c D:/STM32CubeIDE_1.17.0/STM32CubeIDE/plugins/com.st.stm32cube.ide.mcu.externaltools.gnu-tools-for-stm32.12.3.rel1.win32_1.1.0.202410251130/tools/bin/../lib/gcc/arm-none-eabi/12.3.1/../../../../arm-none-eabi/lib/thumb/v7e-m+fp/hard\libc_nano.a(libc_a-mprec.o)
                0x0800c17c                __multadd
 .text.__s2b    0x0800c208       0x94 D:/STM32CubeIDE_1.17.0/STM32CubeIDE/plugins/com.st.stm32cube.ide.mcu.externaltools.gnu-tools-for-stm32.12.3.rel1.win32_1.1.0.202410251130/tools/bin/../lib/gcc/arm-none-eabi/12.3.1/../../../../arm-none-eabi/lib/thumb/v7e-m+fp/hard\libc_nano.a(libc_a-mprec.o)
                0x0800c208                __s2b
 .text.__hi0bits
                0x0800c29c       0x3e D:/STM32CubeIDE_1.17.0/STM32CubeIDE/plugins/com.st.stm32cube.ide.mcu.externaltools.gnu-tools-for-stm32.12.3.rel1.win32_1.1.0.202410251130/tools/bin/../lib/gcc/arm-none-eabi/12.3.1/../../../../arm-none-eabi/lib/thumb/v7e-m+fp/hard\libc_nano.a(libc_a-mprec.o)
                0x0800c29c                __hi0bits
 .text.__lo0bits
                0x0800c2da       0x5a D:/STM32CubeIDE_1.17.0/STM32CubeIDE/plugins/com.st.stm32cube.ide.mcu.externaltools.gnu-tools-for-stm32.12.3.rel1.win32_1.1.0.202410251130/tools/bin/../lib/gcc/arm-none-eabi/12.3.1/../../../../arm-none-eabi/lib/thumb/v7e-m+fp/hard\libc_nano.a(libc_a-mprec.o)
                0x0800c2da                __lo0bits
 .text.__i2b    0x0800c334       0x2c D:/STM32CubeIDE_1.17.0/STM32CubeIDE/plugins/com.st.stm32cube.ide.mcu.externaltools.gnu-tools-for-stm32.12.3.rel1.win32_1.1.0.202410251130/tools/bin/../lib/gcc/arm-none-eabi/12.3.1/../../../../arm-none-eabi/lib/thumb/v7e-m+fp/hard\libc_nano.a(libc_a-mprec.o)
                0x0800c334                __i2b
 .text.__multiply
                0x0800c360      0x154 D:/STM32CubeIDE_1.17.0/STM32CubeIDE/plugins/com.st.stm32cube.ide.mcu.externaltools.gnu-tools-for-stm32.12.3.rel1.win32_1.1.0.202410251130/tools/bin/../lib/gcc/arm-none-eabi/12.3.1/../../../../arm-none-eabi/lib/thumb/v7e-m+fp/hard\libc_nano.a(libc_a-mprec.o)
                0x0800c360                __multiply
 .text.__pow5mult
                0x0800c4b4       0xb4 D:/STM32CubeIDE_1.17.0/STM32CubeIDE/plugins/com.st.stm32cube.ide.mcu.externaltools.gnu-tools-for-stm32.12.3.rel1.win32_1.1.0.202410251130/tools/bin/../lib/gcc/arm-none-eabi/12.3.1/../../../../arm-none-eabi/lib/thumb/v7e-m+fp/hard\libc_nano.a(libc_a-mprec.o)
                0x0800c4b4                __pow5mult
 .text.__lshift
                0x0800c568       0xd8 D:/STM32CubeIDE_1.17.0/STM32CubeIDE/plugins/com.st.stm32cube.ide.mcu.externaltools.gnu-tools-for-stm32.12.3.rel1.win32_1.1.0.202410251130/tools/bin/../lib/gcc/arm-none-eabi/12.3.1/../../../../arm-none-eabi/lib/thumb/v7e-m+fp/hard\libc_nano.a(libc_a-mprec.o)
                0x0800c568                __lshift
 .text.__mcmp   0x0800c640       0x36 D:/STM32CubeIDE_1.17.0/STM32CubeIDE/plugins/com.st.stm32cube.ide.mcu.externaltools.gnu-tools-for-stm32.12.3.rel1.win32_1.1.0.202410251130/tools/bin/../lib/gcc/arm-none-eabi/12.3.1/../../../../arm-none-eabi/lib/thumb/v7e-m+fp/hard\libc_nano.a(libc_a-mprec.o)
                0x0800c640                __mcmp
 *fill*         0x0800c676        0x2 
 .text.__mdiff  0x0800c678      0x128 D:/STM32CubeIDE_1.17.0/STM32CubeIDE/plugins/com.st.stm32cube.ide.mcu.externaltools.gnu-tools-for-stm32.12.3.rel1.win32_1.1.0.202410251130/tools/bin/../lib/gcc/arm-none-eabi/12.3.1/../../../../arm-none-eabi/lib/thumb/v7e-m+fp/hard\libc_nano.a(libc_a-mprec.o)
                0x0800c678                __mdiff
 .text.__ulp    0x0800c7a0       0x4c D:/STM32CubeIDE_1.17.0/STM32CubeIDE/plugins/com.st.stm32cube.ide.mcu.externaltools.gnu-tools-for-stm32.12.3.rel1.win32_1.1.0.202410251130/tools/bin/../lib/gcc/arm-none-eabi/12.3.1/../../../../arm-none-eabi/lib/thumb/v7e-m+fp/hard\libc_nano.a(libc_a-mprec.o)
                0x0800c7a0                __ulp
 .text.__b2d    0x0800c7ec       0x94 D:/STM32CubeIDE_1.17.0/STM32CubeIDE/plugins/com.st.stm32cube.ide.mcu.externaltools.gnu-tools-for-stm32.12.3.rel1.win32_1.1.0.202410251130/tools/bin/../lib/gcc/arm-none-eabi/12.3.1/../../../../arm-none-eabi/lib/thumb/v7e-m+fp/hard\libc_nano.a(libc_a-mprec.o)
                0x0800c7ec                __b2d
 .text.__d2b    0x0800c880       0xb0 D:/STM32CubeIDE_1.17.0/STM32CubeIDE/plugins/com.st.stm32cube.ide.mcu.externaltools.gnu-tools-for-stm32.12.3.rel1.win32_1.1.0.202410251130/tools/bin/../lib/gcc/arm-none-eabi/12.3.1/../../../../arm-none-eabi/lib/thumb/v7e-m+fp/hard\libc_nano.a(libc_a-mprec.o)
                0x0800c880                __d2b
 .text.__ratio  0x0800c930       0x64 D:/STM32CubeIDE_1.17.0/STM32CubeIDE/plugins/com.st.stm32cube.ide.mcu.externaltools.gnu-tools-for-stm32.12.3.rel1.win32_1.1.0.202410251130/tools/bin/../lib/gcc/arm-none-eabi/12.3.1/../../../../arm-none-eabi/lib/thumb/v7e-m+fp/hard\libc_nano.a(libc_a-mprec.o)
                0x0800c930                __ratio
 .text.__copybits
                0x0800c994       0x46 D:/STM32CubeIDE_1.17.0/STM32CubeIDE/plugins/com.st.stm32cube.ide.mcu.externaltools.gnu-tools-for-stm32.12.3.rel1.win32_1.1.0.202410251130/tools/bin/../lib/gcc/arm-none-eabi/12.3.1/../../../../arm-none-eabi/lib/thumb/v7e-m+fp/hard\libc_nano.a(libc_a-mprec.o)
                0x0800c994                __copybits
 .text.__any_on
                0x0800c9da       0x42 D:/STM32CubeIDE_1.17.0/STM32CubeIDE/plugins/com.st.stm32cube.ide.mcu.externaltools.gnu-tools-for-stm32.12.3.rel1.win32_1.1.0.202410251130/tools/bin/../lib/gcc/arm-none-eabi/12.3.1/../../../../arm-none-eabi/lib/thumb/v7e-m+fp/hard\libc_nano.a(libc_a-mprec.o)
                0x0800c9da                __any_on
 .text.sulp     0x0800ca1c       0x3c D:/STM32CubeIDE_1.17.0/STM32CubeIDE/plugins/com.st.stm32cube.ide.mcu.externaltools.gnu-tools-for-stm32.12.3.rel1.win32_1.1.0.202410251130/tools/bin/../lib/gcc/arm-none-eabi/12.3.1/../../../../arm-none-eabi/lib/thumb/v7e-m+fp/hard\libc_nano.a(libc_a-strtod.o)
 .text._strtod_l
                0x0800ca58      0xbc8 D:/STM32CubeIDE_1.17.0/STM32CubeIDE/plugins/com.st.stm32cube.ide.mcu.externaltools.gnu-tools-for-stm32.12.3.rel1.win32_1.1.0.202410251130/tools/bin/../lib/gcc/arm-none-eabi/12.3.1/../../../../arm-none-eabi/lib/thumb/v7e-m+fp/hard\libc_nano.a(libc_a-strtod.o)
                0x0800ca58                _strtod_l
 .text._strtod_r
                0x0800d620        0xc D:/STM32CubeIDE_1.17.0/STM32CubeIDE/plugins/com.st.stm32cube.ide.mcu.externaltools.gnu-tools-for-stm32.12.3.rel1.win32_1.1.0.202410251130/tools/bin/../lib/gcc/arm-none-eabi/12.3.1/../../../../arm-none-eabi/lib/thumb/v7e-m+fp/hard\libc_nano.a(libc_a-strtod.o)
                0x0800d620                _strtod_r
 .text.__ssputs_r
                0x0800d62c       0xb6 D:/STM32CubeIDE_1.17.0/STM32CubeIDE/plugins/com.st.stm32cube.ide.mcu.externaltools.gnu-tools-for-stm32.12.3.rel1.win32_1.1.0.202410251130/tools/bin/../lib/gcc/arm-none-eabi/12.3.1/../../../../arm-none-eabi/lib/thumb/v7e-m+fp/hard\libc_nano.a(libc_a-nano-svfprintf.o)
                0x0800d62c                __ssputs_r
 *fill*         0x0800d6e2        0x2 
 .text._svfprintf_r
                0x0800d6e4      0x1f8 D:/STM32CubeIDE_1.17.0/STM32CubeIDE/plugins/com.st.stm32cube.ide.mcu.externaltools.gnu-tools-for-stm32.12.3.rel1.win32_1.1.0.202410251130/tools/bin/../lib/gcc/arm-none-eabi/12.3.1/../../../../arm-none-eabi/lib/thumb/v7e-m+fp/hard\libc_nano.a(libc_a-nano-svfprintf.o)
                0x0800d6e4                _svfiprintf_r
                0x0800d6e4                _svfprintf_r
 .text.__sfputc_r
                0x0800d8dc       0x2e D:/STM32CubeIDE_1.17.0/STM32CubeIDE/plugins/com.st.stm32cube.ide.mcu.externaltools.gnu-tools-for-stm32.12.3.rel1.win32_1.1.0.202410251130/tools/bin/../lib/gcc/arm-none-eabi/12.3.1/../../../../arm-none-eabi/lib/thumb/v7e-m+fp/hard\libc_nano.a(libc_a-nano-vfprintf.o)
 .text.__sfputs_r
                0x0800d90a       0x24 D:/STM32CubeIDE_1.17.0/STM32CubeIDE/plugins/com.st.stm32cube.ide.mcu.externaltools.gnu-tools-for-stm32.12.3.rel1.win32_1.1.0.202410251130/tools/bin/../lib/gcc/arm-none-eabi/12.3.1/../../../../arm-none-eabi/lib/thumb/v7e-m+fp/hard\libc_nano.a(libc_a-nano-vfprintf.o)
                0x0800d90a                __sfputs_r
 *fill*         0x0800d92e        0x2 
 .text._vfprintf_r
                0x0800d930      0x230 D:/STM32CubeIDE_1.17.0/STM32CubeIDE/plugins/com.st.stm32cube.ide.mcu.externaltools.gnu-tools-for-stm32.12.3.rel1.win32_1.1.0.202410251130/tools/bin/../lib/gcc/arm-none-eabi/12.3.1/../../../../arm-none-eabi/lib/thumb/v7e-m+fp/hard\libc_nano.a(libc_a-nano-vfprintf.o)
                0x0800d930                _vfprintf_r
                0x0800d930                _vfiprintf_r
 .text.__swbuf_r
                0x0800db60       0x7c D:/STM32CubeIDE_1.17.0/STM32CubeIDE/plugins/com.st.stm32cube.ide.mcu.externaltools.gnu-tools-for-stm32.12.3.rel1.win32_1.1.0.202410251130/tools/bin/../lib/gcc/arm-none-eabi/12.3.1/../../../../arm-none-eabi/lib/thumb/v7e-m+fp/hard\libc_nano.a(libc_a-wbuf.o)
                0x0800db60                __swbuf_r
 .text.__swsetup_r
                0x0800dbdc       0xac D:/STM32CubeIDE_1.17.0/STM32CubeIDE/plugins/com.st.stm32cube.ide.mcu.externaltools.gnu-tools-for-stm32.12.3.rel1.win32_1.1.0.202410251130/tools/bin/../lib/gcc/arm-none-eabi/12.3.1/../../../../arm-none-eabi/lib/thumb/v7e-m+fp/hard\libc_nano.a(libc_a-wsetup.o)
                0x0800dbdc                __swsetup_r
 .text.memmove  0x0800dc88       0x34 D:/STM32CubeIDE_1.17.0/STM32CubeIDE/plugins/com.st.stm32cube.ide.mcu.externaltools.gnu-tools-for-stm32.12.3.rel1.win32_1.1.0.202410251130/tools/bin/../lib/gcc/arm-none-eabi/12.3.1/../../../../arm-none-eabi/lib/thumb/v7e-m+fp/hard\libc_nano.a(libc_a-memmove.o)
                0x0800dc88                memmove
 .text._sbrk_r  0x0800dcbc       0x20 D:/STM32CubeIDE_1.17.0/STM32CubeIDE/plugins/com.st.stm32cube.ide.mcu.externaltools.gnu-tools-for-stm32.12.3.rel1.win32_1.1.0.202410251130/tools/bin/../lib/gcc/arm-none-eabi/12.3.1/../../../../arm-none-eabi/lib/thumb/v7e-m+fp/hard\libc_nano.a(libc_a-sbrkr.o)
                0x0800dcbc                _sbrk_r
 *fill*         0x0800dcdc        0x4 
 .text.nan      0x0800dce0       0x10 D:/STM32CubeIDE_1.17.0/STM32CubeIDE/plugins/com.st.stm32cube.ide.mcu.externaltools.gnu-tools-for-stm32.12.3.rel1.win32_1.1.0.202410251130/tools/bin/../lib/gcc/arm-none-eabi/12.3.1/../../../../arm-none-eabi/lib/thumb/v7e-m+fp/hard\libc_nano.a(libm_a-s_nan.o)
                0x0800dce0                nan
 .text.__assert_func
                0x0800dcf0       0x3c D:/STM32CubeIDE_1.17.0/STM32CubeIDE/plugins/com.st.stm32cube.ide.mcu.externaltools.gnu-tools-for-stm32.12.3.rel1.win32_1.1.0.202410251130/tools/bin/../lib/gcc/arm-none-eabi/12.3.1/../../../../arm-none-eabi/lib/thumb/v7e-m+fp/hard\libc_nano.a(libc_a-assert.o)
                0x0800dcf0                __assert_func
 .text._calloc_r
                0x0800dd2c       0x28 D:/STM32CubeIDE_1.17.0/STM32CubeIDE/plugins/com.st.stm32cube.ide.mcu.externaltools.gnu-tools-for-stm32.12.3.rel1.win32_1.1.0.202410251130/tools/bin/../lib/gcc/arm-none-eabi/12.3.1/../../../../arm-none-eabi/lib/thumb/v7e-m+fp/hard\libc_nano.a(libc_a-callocr.o)
                0x0800dd2c                _calloc_r
 .text.rshift   0x0800dd54       0xa4 D:/STM32CubeIDE_1.17.0/STM32CubeIDE/plugins/com.st.stm32cube.ide.mcu.externaltools.gnu-tools-for-stm32.12.3.rel1.win32_1.1.0.202410251130/tools/bin/../lib/gcc/arm-none-eabi/12.3.1/../../../../arm-none-eabi/lib/thumb/v7e-m+fp/hard\libc_nano.a(libc_a-gdtoa-gethex.o)
 .text.__hexdig_fun