../Core/Src/main.c:123:5:main	8	static
../Core/Src/main.c:218:6:SystemClock_Config	88	static
../Core/Src/main.c:265:13:MX_RNG_Init	8	static
../Core/Src/main.c:291:13:MX_SDIO_SD_Init	4	static
../Core/Src/main.c:319:13:MX_TIM5_Init	32	static
../Core/Src/main.c:364:13:MX_USART3_UART_Init	8	static
../Core/Src/main.c:397:13:MX_GPIO_Init	32	static
../Core/Src/main.c:424:6:StartLwipInitTaskTask	16	static
../Core/Src/main.c:474:6:StartPrintTask	16	static
../Core/Src/main.c:503:6:StartClientTask	40	static
../Core/Src/main.c:541:6:StartCmdLnTask	24	static
../Core/Src/main.c:565:6:HAL_TIM_PeriodElapsedCallback	16	static
../Core/Src/main.c:582:6:Error_Handler	4	static,ignoring_inline_asm
