../Core/Src/stm32f4xx_it.c:73:6:NMI_Handler	4	static
../Core/Src/stm32f4xx_it.c:88:6:HardFault_Handler	4	static
../Core/Src/stm32f4xx_it.c:103:6:MemManage_Handler	4	static
../Core/Src/stm32f4xx_it.c:118:6:BusFault_Handler	4	static
../Core/Src/stm32f4xx_it.c:133:6:UsageFault_Handler	4	static
../Core/Src/stm32f4xx_it.c:148:6:DebugMon_Handler	4	static
../Core/Src/stm32f4xx_it.c:168:6:RCC_IRQHandler	4	static
../Core/Src/stm32f4xx_it.c:181:6:TIM1_UP_TIM10_IRQHandler	8	static
../Core/Src/stm32f4xx_it.c:195:6:TIM5_IRQHandler	8	static
../Core/Src/stm32f4xx_it.c:209:6:ETH_IRQHandler	8	static
../Core/Src/stm32f4xx_it.c:223:6:ETH_WKUP_IRQHandler	8	static
../Core/Src/stm32f4xx_it.c:237:6:HASH_RNG_IRQHandler	8	static
