../Core/Src/stm32f4xx_it.c:74:6:NMI_Handler	4	static
../Core/Src/stm32f4xx_it.c:89:6:HardFault_Handler	4	static
../Core/Src/stm32f4xx_it.c:104:6:MemManage_Handler	4	static
../Core/Src/stm32f4xx_it.c:119:6:BusFault_Handler	4	static
../Core/Src/stm32f4xx_it.c:134:6:UsageFault_Handler	4	static
../Core/Src/stm32f4xx_it.c:149:6:DebugMon_Handler	4	static
../Core/Src/stm32f4xx_it.c:169:6:RCC_IRQHandler	4	static
../Core/Src/stm32f4xx_it.c:182:6:TIM1_UP_TIM10_IRQHandler	8	static
../Core/Src/stm32f4xx_it.c:196:6:USART3_IRQHandler	8	static
../Core/Src/stm32f4xx_it.c:210:6:TIM5_IRQHandler	8	static
../Core/Src/stm32f4xx_it.c:224:6:ETH_IRQHandler	8	static
../Core/Src/stm32f4xx_it.c:238:6:ETH_WKUP_IRQHandler	8	static
../Core/Src/stm32f4xx_it.c:252:6:HASH_RNG_IRQHandler	8	static
