../Middlewares/Third_Party/wolfSSL_wolfSSL_wolfSSL/wolfssl/wolfcrypt/src/misc.c:468:31:ForceZero	24	static
../Middlewares/Third_Party/wolfSSL_wolfSSL_wolfSSL/wolfssl/wolfcrypt/src/misc.c:520:37:min	16	static
../Middlewares/Third_Party/wolfSSL_wolfSSL_wolfSSL/wolfssl/wolfcrypt/src/misc.c:539:31:c32to24	16	static
../Middlewares/Third_Party/wolfSSL_wolfSSL_wolfSSL/wolfssl/wolfcrypt/src/misc.c:1122:33:MakeWordFromHash	16	static
../Middlewares/Third_Party/wolfSSL_wolfSSL_wolfSSL/wolfssl/src/ssl_misc.c:327:13:static_buffer_init	16	static
../Middlewares/Third_Party/wolfSSL_wolfSSL_wolfSSL/wolfssl/src/ssl_misc.c:344:12:static_buffer_set_size	32	static
../Middlewares/Third_Party/wolfSSL_wolfSSL_wolfSSL/wolfssl/src/ssl_misc.c:369:13:static_buffer_free	24	static
../Middlewares/Third_Party/wolfSSL_wolfSSL_wolfSSL/wolfssl/src/ssl_certman.c:45:34:cm_pick_method	16	static
../Middlewares/Third_Party/wolfSSL_wolfSSL_wolfSSL/wolfssl/src/ssl_certman.c:86:23:wolfSSL_CertManagerNew_ex	24	static
../Middlewares/Third_Party/wolfSSL_wolfSSL_wolfSSL/wolfssl/src/ssl_certman.c:168:23:wolfSSL_CertManagerNew	8	static
../Middlewares/Third_Party/wolfSSL_wolfSSL_wolfSSL/wolfssl/src/ssl_certman.c:178:6:wolfSSL_CertManagerFree	24	static
../Middlewares/Third_Party/wolfSSL_wolfSSL_wolfSSL/wolfssl/src/ssl_certman.c:246:5:wolfSSL_CertManager_up_ref	24	static
../Middlewares/Third_Party/wolfSSL_wolfSSL_wolfSSL/wolfssl/src/ssl_certman.c:433:5:wolfSSL_CertManagerUnloadCAs	24	static
../Middlewares/Third_Party/wolfSSL_wolfSSL_wolfSSL/wolfssl/src/ssl_certman.c:458:12:wolfSSL_CertManagerUnloadIntermediateCertsEx	24	static
../Middlewares/Third_Party/wolfSSL_wolfSSL_wolfSSL/wolfssl/src/ssl_certman.c:494:5:wolfSSL_CertManagerUnloadIntermediateCerts	16	static
../Middlewares/Third_Party/wolfSSL_wolfSSL_wolfSSL/wolfssl/src/ssl_certman.c:553:5:wolfSSL_CertManagerLoadCABuffer_ex	40	static
../Middlewares/Third_Party/wolfSSL_wolfSSL_wolfSSL/wolfssl/src/ssl_certman.c:607:5:wolfSSL_CertManagerLoadCABuffer	32	static
../Middlewares/Third_Party/wolfSSL_wolfSSL_wolfSSL/wolfssl/src/ssl_certman.c:620:6:wolfSSL_CertManagerSetVerify	16	static
../Middlewares/Third_Party/wolfSSL_wolfSSL_wolfSSL/wolfssl/src/ssl_certman.c:657:5:CM_VerifyBuffer_ex	72	static
../Middlewares/Third_Party/wolfSSL_wolfSSL_wolfSSL/wolfssl/src/ssl_certman.c:803:5:wolfSSL_CertManagerVerifyBuffer	40	static
../Middlewares/Third_Party/wolfSSL_wolfSSL_wolfSSL/wolfssl/src/ssl_certman.c:1624:5:wolfSSL_CertManagerEnableCRL	24	static
../Middlewares/Third_Party/wolfSSL_wolfSSL_wolfSSL/wolfssl/src/ssl_certman.c:1706:5:wolfSSL_CertManagerDisableCRL	24	static
../Middlewares/Third_Party/wolfSSL_wolfSSL_wolfSSL/wolfssl/src/ssl_certman.c:2020:5:wolfSSL_CertManagerEnableOCSP	24	static
../Middlewares/Third_Party/wolfSSL_wolfSSL_wolfSSL/wolfssl/src/ssl_certman.c:2095:5:wolfSSL_CertManagerDisableOCSP	24	static
../Middlewares/Third_Party/wolfSSL_wolfSSL_wolfSSL/wolfssl/src/ssl_certman.c:2125:5:wolfSSL_CertManagerEnableOCSPStapling	24	static
../Middlewares/Third_Party/wolfSSL_wolfSSL_wolfSSL/wolfssl/src/ssl_certman.c:2193:5:wolfSSL_CertManagerDisableOCSPStapling	24	static
../Middlewares/Third_Party/wolfSSL_wolfSSL_wolfSSL/wolfssl/src/ssl_certman.c:2223:5:wolfSSL_CertManagerEnableOCSPMustStaple	24	static
../Middlewares/Third_Party/wolfSSL_wolfSSL_wolfSSL/wolfssl/src/ssl_certman.c:2255:5:wolfSSL_CertManagerDisableOCSPMustStaple	24	static
../Middlewares/Third_Party/wolfSSL_wolfSSL_wolfSSL/wolfssl/src/ssl_sess.c:2453:18:ClientSessionToSession	16	static
../Middlewares/Third_Party/wolfSSL_wolfSSL_wolfSSL/wolfssl/src/ssl_sess.c:2459:18:wolfSSL_GetSession	24	static
../Middlewares/Third_Party/wolfSSL_wolfSSL_wolfSSL/wolfssl/src/ssl_sess.c:3543:6:SetupSession	24	static
../Middlewares/Third_Party/wolfSSL_wolfSSL_wolfSSL/wolfssl/src/ssl_sess.c:3646:18:wolfSSL_NewSession	24	static
../Middlewares/Third_Party/wolfSSL_wolfSSL_wolfSSL/wolfssl/src/ssl_sess.c:3695:18:wolfSSL_SESSION_new_ex	16	static
../Middlewares/Third_Party/wolfSSL_wolfSSL_wolfSSL/wolfssl/src/ssl_sess.c:3700:18:wolfSSL_SESSION_new	8	static
../Middlewares/Third_Party/wolfSSL_wolfSSL_wolfSSL/wolfssl/src/ssl_sess.c:3707:5:wolfSSL_SESSION_up_ref	24	static
../Middlewares/Third_Party/wolfSSL_wolfSSL_wolfSSL/wolfssl/src/ssl_sess.c:3746:12:wolfSSL_DupSessionEx	32	static
../Middlewares/Third_Party/wolfSSL_wolfSSL_wolfSSL/wolfssl/src/ssl_sess.c:3992:5:wolfSSL_DupSession	32	static
../Middlewares/Third_Party/wolfSSL_wolfSSL_wolfSSL/wolfssl/src/ssl_sess.c:3998:18:wolfSSL_SESSION_dup	24	static
../Middlewares/Third_Party/wolfSSL_wolfSSL_wolfSSL/wolfssl/src/ssl_sess.c:4024:6:wolfSSL_FreeSession	24	static
../Middlewares/Third_Party/wolfSSL_wolfSSL_wolfSSL/wolfssl/src/ssl_sess.c:4099:6:wolfSSL_SESSION_free	16	static
../Middlewares/Third_Party/wolfSSL_wolfSSL_wolfSSL/wolfssl/src/ssl_sess.c:4132:13:wolfSSL_SESSION_CIPHER_get_name	16	static
../Middlewares/Third_Party/wolfSSL_wolfSSL_wolfSSL/wolfssl/src/ssl.c:301:9:wolfssl_get_global_rng	16	static
../Middlewares/Third_Party/wolfSSL_wolfSSL_wolfSSL/wolfssl/src/ssl.c:318:9:wolfssl_make_global_rng	16	static
../Middlewares/Third_Party/wolfSSL_wolfSSL_wolfSSL/wolfssl/src/ssl.c:353:9:wolfssl_make_rng	24	static
../Middlewares/Third_Party/wolfSSL_wolfSSL_wolfSSL/wolfssl/src/pk.c:900:12:wolfssl_der_length	32	static
../Middlewares/Third_Party/wolfSSL_wolfSSL_wolfSSL/wolfssl/src/ssl.c:1048:14:wolfSSL_CTX_new_ex	32	static
../Middlewares/Third_Party/wolfSSL_wolfSSL_wolfSSL/wolfssl/src/ssl.c:1125:14:wolfSSL_CTX_new	16	static
../Middlewares/Third_Party/wolfSSL_wolfSSL_wolfSSL/wolfssl/src/ssl.c:1136:5:wolfSSL_CTX_up_ref	24	static
../Middlewares/Third_Party/wolfSSL_wolfSSL_wolfSSL/wolfssl/src/ssl.c:1149:6:wolfSSL_CTX_free	16	static
../Middlewares/Third_Party/wolfSSL_wolfSSL_wolfSSL/wolfssl/src/ssl.c:1179:5:wolfSSL_CTX_AllowEncryptThenMac	16	static
../Middlewares/Third_Party/wolfSSL_wolfSSL_wolfSSL/wolfssl/src/ssl.c:1193:5:wolfSSL_AllowEncryptThenMac	16	static
../Middlewares/Third_Party/wolfSSL_wolfSSL_wolfSSL/wolfssl/src/ssl.c:1234:10:wolfSSL_new	24	static
../Middlewares/Third_Party/wolfSSL_wolfSSL_wolfSSL/wolfssl/src/ssl.c:1277:6:wolfSSL_free	16	static
../Middlewares/Third_Party/wolfSSL_wolfSSL_wolfSSL/wolfssl/src/ssl.c:1292:5:wolfSSL_is_server	16	static
../Middlewares/Third_Party/wolfSSL_wolfSSL_wolfSSL/wolfssl/src/ssl.c:1489:5:wolfSSL_use_old_poly	16	static
../Middlewares/Third_Party/wolfSSL_wolfSSL_wolfSSL/wolfssl/src/ssl.c:1507:5:wolfSSL_set_fd	24	static
../Middlewares/Third_Party/wolfSSL_wolfSSL_wolfSSL/wolfssl/src/ssl.c:1545:5:wolfSSL_set_read_fd	16	static
../Middlewares/Third_Party/wolfSSL_wolfSSL_wolfSSL/wolfssl/src/ssl.c:1569:5:wolfSSL_set_write_fd	16	static
../Middlewares/Third_Party/wolfSSL_wolfSSL_wolfSSL/wolfssl/src/ssl.c:1596:7:wolfSSL_get_cipher_list	24	static
../Middlewares/Third_Party/wolfSSL_wolfSSL_wolfSSL/wolfssl/src/ssl.c:1611:7:wolfSSL_get_cipher_list_ex	24	static
../Middlewares/Third_Party/wolfSSL_wolfSSL_wolfSSL/wolfssl/src/ssl.c:1635:5:wolfSSL_get_ciphers	32	static
../Middlewares/Third_Party/wolfSSL_wolfSSL_wolfSSL/wolfssl/src/ssl.c:1667:5:wolfSSL_get_ciphers_iana	32	static
../Middlewares/Third_Party/wolfSSL_wolfSSL_wolfSSL/wolfssl/src/ssl.c:1702:13:wolfSSL_get_shared_ciphers	40	static
../Middlewares/Third_Party/wolfSSL_wolfSSL_wolfSSL/wolfssl/src/ssl.c:1715:5:wolfSSL_get_fd	24	static
../Middlewares/Third_Party/wolfSSL_wolfSSL_wolfSSL/wolfssl/src/ssl.c:1727:5:wolfSSL_dtls	24	static
../Middlewares/Third_Party/wolfSSL_wolfSSL_wolfSSL/wolfssl/src/ssl.c:1744:5:wolfSSL_CTX_mutual_auth	16	static
../Middlewares/Third_Party/wolfSSL_wolfSSL_wolfSSL/wolfssl/src/ssl.c:1764:5:wolfSSL_mutual_auth	16	static
../Middlewares/Third_Party/wolfSSL_wolfSSL_wolfSSL/wolfssl/src/ssl.c:1858:5:wolfSSL_dtls_set_peer	24	static
../Middlewares/Third_Party/wolfSSL_wolfSSL_wolfSSL/wolfssl/src/ssl.c:1898:5:wolfSSL_dtls_get_peer	24	static
../Middlewares/Third_Party/wolfSSL_wolfSSL_wolfSSL/wolfssl/src/ssl.c:2423:5:wolfSSL_negotiate	24	static
../Middlewares/Third_Party/wolfSSL_wolfSSL_wolfSSL/wolfssl/src/ssl.c:2463:9:wolfSSL_GetRNG	16	static
../Middlewares/Third_Party/wolfSSL_wolfSSL_wolfSSL/wolfssl/src/ssl.c:2475:5:wolfSSL_GetObjectSize	4	static
../Middlewares/Third_Party/wolfSSL_wolfSSL_wolfSSL/wolfssl/src/ssl.c:2539:5:wolfSSL_CTX_GetObjectSize	4	static
../Middlewares/Third_Party/wolfSSL_wolfSSL_wolfSSL/wolfssl/src/ssl.c:2544:5:wolfSSL_METHOD_GetObjectSize	4	static
../Middlewares/Third_Party/wolfSSL_wolfSSL_wolfSSL/wolfssl/src/ssl.c:2643:5:wolfSSL_GetMaxOutputSize	16	static
../Middlewares/Third_Party/wolfSSL_wolfSSL_wolfSSL/wolfssl/src/ssl.c:2660:5:wolfSSL_GetOutputSize	48	static
../Middlewares/Third_Party/wolfSSL_wolfSSL_wolfSSL/wolfssl/src/ssl.c:2681:5:wolfSSL_CTX_SetMinEccKey_Sz	16	static
../Middlewares/Third_Party/wolfSSL_wolfSSL_wolfSSL/wolfssl/src/ssl.c:2697:5:wolfSSL_SetMinEccKey_Sz	16	static
../Middlewares/Third_Party/wolfSSL_wolfSSL_wolfSSL/wolfssl/src/ssl.c:2712:5:wolfSSL_CTX_SetMinRsaKey_Sz	16	static
../Middlewares/Third_Party/wolfSSL_wolfSSL_wolfSSL/wolfssl/src/ssl.c:2725:5:wolfSSL_SetMinRsaKey_Sz	16	static
../Middlewares/Third_Party/wolfSSL_wolfSSL_wolfSSL/wolfssl/src/ssl.c:2742:5:wolfSSL_SetEnableDhKeyTest	16	static
../Middlewares/Third_Party/wolfSSL_wolfSSL_wolfSSL/wolfssl/src/ssl.c:2759:5:wolfSSL_CTX_SetMinDhKey_Sz	16	static
../Middlewares/Third_Party/wolfSSL_wolfSSL_wolfSSL/wolfssl/src/ssl.c:2769:5:wolfSSL_SetMinDhKey_Sz	16	static
../Middlewares/Third_Party/wolfSSL_wolfSSL_wolfSSL/wolfssl/src/ssl.c:2779:5:wolfSSL_CTX_SetMaxDhKey_Sz	16	static
../Middlewares/Third_Party/wolfSSL_wolfSSL_wolfSSL/wolfssl/src/ssl.c:2789:5:wolfSSL_SetMaxDhKey_Sz	16	static
../Middlewares/Third_Party/wolfSSL_wolfSSL_wolfSSL/wolfssl/src/ssl.c:2799:5:wolfSSL_GetDhKey_Sz	16	static
../Middlewares/Third_Party/wolfSSL_wolfSSL_wolfSSL/wolfssl/src/ssl.c:2811:5:wolfSSL_write	32	static
../Middlewares/Third_Party/wolfSSL_wolfSSL_wolfSSL/wolfssl/src/ssl.c:2877:12:wolfSSL_read_internal	32	static
../Middlewares/Third_Party/wolfSSL_wolfSSL_wolfSSL/wolfssl/src/ssl.c:2957:5:wolfSSL_peek	24	static
../Middlewares/Third_Party/wolfSSL_wolfSSL_wolfSSL/wolfssl/src/ssl.c:2966:5:wolfSSL_read	24	static
../Middlewares/Third_Party/wolfSSL_wolfSSL_wolfSSL/wolfssl/src/ssl.c:3005:5:wolfSSL_SetDevId	16	static
../Middlewares/Third_Party/wolfSSL_wolfSSL_wolfSSL/wolfssl/src/ssl.c:3016:5:wolfSSL_CTX_SetDevId	16	static
../Middlewares/Third_Party/wolfSSL_wolfSSL_wolfSSL/wolfssl/src/ssl.c:3028:5:wolfSSL_CTX_GetDevId	24	static
../Middlewares/Third_Party/wolfSSL_wolfSSL_wolfSSL/wolfssl/src/ssl.c:3037:7:wolfSSL_CTX_GetHeap	24	static
../Middlewares/Third_Party/wolfSSL_wolfSSL_wolfSSL/wolfssl/src/ssl.c:3051:5:wolfSSL_UseSNI	32	static
../Middlewares/Third_Party/wolfSSL_wolfSSL_wolfSSL/wolfssl/src/ssl.c:3061:5:wolfSSL_CTX_UseSNI	32	static
../Middlewares/Third_Party/wolfSSL_wolfSSL_wolfSSL/wolfssl/src/ssl.c:3072:6:wolfSSL_SNI_SetOptions	16	static
../Middlewares/Third_Party/wolfSSL_wolfSSL_wolfSSL/wolfssl/src/ssl.c:3079:6:wolfSSL_CTX_SNI_SetOptions	16	static
../Middlewares/Third_Party/wolfSSL_wolfSSL_wolfSSL/wolfssl/src/ssl.c:3086:6:wolfSSL_SNI_Status	16	static
../Middlewares/Third_Party/wolfSSL_wolfSSL_wolfSSL/wolfssl/src/ssl.c:3092:8:wolfSSL_SNI_GetRequest	24	static
../Middlewares/Third_Party/wolfSSL_wolfSSL_wolfSSL/wolfssl/src/ssl.c:3104:5:wolfSSL_SNI_GetFromBuffer	32	static
../Middlewares/Third_Party/wolfSSL_wolfSSL_wolfSSL/wolfssl/src/ssl.c:3272:12:isValidCurveGroup	16	static
../Middlewares/Third_Party/wolfSSL_wolfSSL_wolfSSL/wolfssl/src/ssl.c:3316:5:wolfSSL_UseSupportedCurve	16	static
../Middlewares/Third_Party/wolfSSL_wolfSSL_wolfSSL/wolfssl/src/ssl.c:3330:5:wolfSSL_CTX_UseSupportedCurve	16	static
../Middlewares/Third_Party/wolfSSL_wolfSSL_wolfSSL/wolfssl/src/ssl.c:3934:5:wolfSSL_CTX_DisableExtendedMasterSecret	16	static
../Middlewares/Third_Party/wolfSSL_wolfSSL_wolfSSL/wolfssl/src/ssl.c:3945:5:wolfSSL_DisableExtendedMasterSecret	16	static
../Middlewares/Third_Party/wolfSSL_wolfSSL_wolfSSL/wolfssl/src/ssl.c:3961:5:wolfSSL_send	32	static
../Middlewares/Third_Party/wolfSSL_wolfSSL_wolfSSL/wolfssl/src/ssl.c:3983:5:wolfSSL_recv	32	static
../Middlewares/Third_Party/wolfSSL_wolfSSL_wolfSSL/wolfssl/src/ssl.c:4005:5:wolfSSL_SendUserCanceled	24	static
../Middlewares/Third_Party/wolfSSL_wolfSSL_wolfSSL/wolfssl/src/ssl.c:4027:5:wolfSSL_shutdown	24	static
../Middlewares/Third_Party/wolfSSL_wolfSSL_wolfSSL/wolfssl/src/ssl.c:4106:5:wolfSSL_state	16	static
../Middlewares/Third_Party/wolfSSL_wolfSSL_wolfSSL/wolfssl/src/ssl.c:4117:5:wolfSSL_get_error	16	static
../Middlewares/Third_Party/wolfSSL_wolfSSL_wolfSSL/wolfssl/src/ssl.c:4147:5:wolfSSL_get_alert_history	16	static
../Middlewares/Third_Party/wolfSSL_wolfSSL_wolfSSL/wolfssl/src/ssl.c:4171:5:wolfSSL_want_read	16	static
../Middlewares/Third_Party/wolfSSL_wolfSSL_wolfSSL/wolfssl/src/ssl.c:4182:5:wolfSSL_want_write	16	static
../Middlewares/Third_Party/wolfSSL_wolfSSL_wolfSSL/wolfssl/src/ssl.c:4192:7:wolfSSL_ERR_error_string	16	static
../Middlewares/Third_Party/wolfSSL_wolfSSL_wolfSSL/wolfssl/src/ssl.c:4207:6:wolfSSL_ERR_error_string_n	104	static
../Middlewares/Third_Party/wolfSSL_wolfSSL_wolfSSL/wolfssl/src/ssl.c:4225:6:wolfSSL_KeepArrays	16	static
../Middlewares/Third_Party/wolfSSL_wolfSSL_wolfSSL/wolfssl/src/ssl.c:4233:6:wolfSSL_FreeArrays	16	static
../Middlewares/Third_Party/wolfSSL_wolfSSL_wolfSSL/wolfssl/src/ssl.c:4247:5:wolfSSL_KeepHandshakeResources	16	static
../Middlewares/Third_Party/wolfSSL_wolfSSL_wolfSSL/wolfssl/src/ssl.c:4262:5:wolfSSL_FreeHandshakeResources	16	static
../Middlewares/Third_Party/wolfSSL_wolfSSL_wolfSSL/wolfssl/src/ssl.c:4277:5:wolfSSL_CTX_UseClientSuites	16	static
../Middlewares/Third_Party/wolfSSL_wolfSSL_wolfSSL/wolfssl/src/ssl.c:4292:5:wolfSSL_UseClientSuites	16	static
../Middlewares/Third_Party/wolfSSL_wolfSSL_wolfSSL/wolfssl/src/ssl.c:4353:13:wolfSSL_GetMacSecret	16	static
../Middlewares/Third_Party/wolfSSL_wolfSSL_wolfSSL/wolfssl/src/ssl.c:4372:5:wolfSSL_GetSide	16	static
../Middlewares/Third_Party/wolfSSL_wolfSSL_wolfSSL/wolfssl/src/ssl.c:4653:23:wolfSSL_CTX_GetCertManager	24	static
../Middlewares/Third_Party/wolfSSL_wolfSSL_wolfSSL/wolfssl/src/ssl.c:4694:5:wolfSSL_pending	16	static
../Middlewares/Third_Party/wolfSSL_wolfSSL_wolfSSL/wolfssl/src/ssl.c:4703:5:wolfSSL_has_pending	16	static
../Middlewares/Third_Party/wolfSSL_wolfSSL_wolfSSL/wolfssl/src/ssl.c:4714:5:wolfSSL_CTX_set_group_messages	16	static
../Middlewares/Third_Party/wolfSSL_wolfSSL_wolfSSL/wolfssl/src/ssl.c:4728:5:wolfSSL_connect_cert	24	static
../Middlewares/Third_Party/wolfSSL_wolfSSL_wolfSSL/wolfssl/src/ssl.c:4746:5:wolfSSL_set_group_messages	16	static
../Middlewares/Third_Party/wolfSSL_wolfSSL_wolfSSL/wolfssl/src/ssl.c:4758:12:SetMinVersionHelper	16	static
../Middlewares/Third_Party/wolfSSL_wolfSSL_wolfSSL/wolfssl/src/ssl.c:4820:5:wolfSSL_CTX_SetMinVersion	16	static
../Middlewares/Third_Party/wolfSSL_wolfSSL_wolfSSL/wolfssl/src/ssl.c:4834:5:wolfSSL_SetMinVersion	16	static
../Middlewares/Third_Party/wolfSSL_wolfSSL_wolfSSL/wolfssl/src/ssl.c:4848:5:wolfSSL_GetVersion	16	static
../Middlewares/Third_Party/wolfSSL_wolfSSL_wolfSSL/wolfssl/src/ssl.c:4887:5:wolfSSL_SetVersion	104	static
../Middlewares/Third_Party/wolfSSL_wolfSSL_wolfSSL/wolfssl/src/ssl.c:4961:25:HashSigner	16	static
../Middlewares/Third_Party/wolfSSL_wolfSSL_wolfSSL/wolfssl/src/ssl.c:4968:5:AlreadySigner	32	static
../Middlewares/Third_Party/wolfSSL_wolfSSL_wolfSSL/wolfssl/src/ssl.c:5109:9:GetCA	40	static
../Middlewares/Third_Party/wolfSSL_wolfSSL_wolfSSL/wolfssl/src/ssl.c:5222:9:GetCAByName	32	static
../Middlewares/Third_Party/wolfSSL_wolfSSL_wolfSSL/wolfssl/src/ssl.c:5368:5:AddSigner	32	static
../Middlewares/Third_Party/wolfSSL_wolfSSL_wolfSSL/wolfssl/src/ssl.c:5404:5:AddCA	48	static
../Middlewares/Third_Party/wolfSSL_wolfSSL_wolfSSL/wolfssl/src/ssl.c:5642:5:wolfSSL_Init	16	static
../Middlewares/Third_Party/wolfSSL_wolfSSL_wolfSSL/wolfssl/src/ssl_load.c:125:12:DataToDerBuffer	48	static
../Middlewares/Third_Party/wolfSSL_wolfSSL_wolfSSL/wolfssl/src/ssl_load.c:182:12:ProcessUserCert	40	static
../Middlewares/Third_Party/wolfSSL_wolfSSL_wolfSSL/wolfssl/src/ssl_load.c:230:12:ProcessUserChainRetain	40	static
../Middlewares/Third_Party/wolfSSL_wolfSSL_wolfSSL/wolfssl/src/ssl_load.c:286:12:ProcessUserChain	80	static
../Middlewares/Third_Party/wolfSSL_wolfSSL_wolfSSL/wolfssl/src/ssl_load.c:391:12:ProcessBufferTryDecodeRsa	40	static
../Middlewares/Third_Party/wolfSSL_wolfSSL_wolfSSL/wolfssl/src/ssl_load.c:557:12:ProcessBufferTryDecodeEcc	48	static
../Middlewares/Third_Party/wolfSSL_wolfSSL_wolfSSL/wolfssl/src/ssl_load.c:1053:12:ProcessBufferTryDecode	56	static
../Middlewares/Third_Party/wolfSSL_wolfSSL_wolfSSL/wolfssl/src/ssl_load.c:1248:12:ProcessBufferPrivKeyHandleDer	32	static
../Middlewares/Third_Party/wolfSSL_wolfSSL_wolfSSL/wolfssl/src/ssl_load.c:1342:12:ProcessBufferPrivateKey	40	static
../Middlewares/Third_Party/wolfSSL_wolfSSL_wolfSSL/wolfssl/src/ssl_load.c:1417:13:wolfssl_set_have_from_key_oid	24	static
../Middlewares/Third_Party/wolfSSL_wolfSSL_wolfSSL/wolfssl/src/ssl_load.c:1489:13:ProcessBufferCertSetHave	24	static
../Middlewares/Third_Party/wolfSSL_wolfSSL_wolfSSL/wolfssl/src/ssl_load.c:1601:12:ProcessBufferCertPublicKey	56	static
../Middlewares/Third_Party/wolfSSL_wolfSSL_wolfSSL/wolfssl/src/ssl_load.c:1960:12:ProcessBufferCert	56	static
../Middlewares/Third_Party/wolfSSL_wolfSSL_wolfSSL/wolfssl/src/ssl_load.c:2049:12:ProcessBufferCertHandleDer	32	static
../Middlewares/Third_Party/wolfSSL_wolfSSL_wolfSSL/wolfssl/src/ssl_load.c:2142:12:ProcessBufferCertTypes	40	static
../Middlewares/Third_Party/wolfSSL_wolfSSL_wolfSSL/wolfssl/src/ssl_load.c:2188:12:ProcessBufferResetSuites	112	static
../Middlewares/Third_Party/wolfSSL_wolfSSL_wolfSSL/wolfssl/src/ssl_load.c:2258:5:ProcessBuffer	72	static
../Middlewares/Third_Party/wolfSSL_wolfSSL_wolfSSL/wolfssl/src/ssl_load.c:2422:12:ProcessChainBuffer	64	static
../Middlewares/Third_Party/wolfSSL_wolfSSL_wolfSSL/wolfssl/src/ssl_load.c:3564:5:wolfSSL_use_certificate_ASN1	56	static
../Middlewares/Third_Party/wolfSSL_wolfSSL_wolfSSL/wolfssl/src/ssl_load.c:3770:5:wolfSSL_CTX_load_verify_buffer_ex	56	static
../Middlewares/Third_Party/wolfSSL_wolfSSL_wolfSSL/wolfssl/src/ssl_load.c:3816:5:wolfSSL_CTX_load_verify_buffer	32	static
../Middlewares/Third_Party/wolfSSL_wolfSSL_wolfSSL/wolfssl/src/ssl_load.c:3834:5:wolfSSL_CTX_load_verify_chain_buffer_format	32	static
../Middlewares/Third_Party/wolfSSL_wolfSSL_wolfSSL/wolfssl/src/ssl_load.c:3900:5:wolfSSL_CTX_use_certificate_buffer	56	static
../Middlewares/Third_Party/wolfSSL_wolfSSL_wolfSSL/wolfssl/src/ssl_load.c:3924:5:wolfSSL_CTX_use_PrivateKey_buffer	56	static
../Middlewares/Third_Party/wolfSSL_wolfSSL_wolfSSL/wolfssl/src/ssl_load.c:4160:5:wolfSSL_CTX_use_certificate_chain_buffer_format	48	static
../Middlewares/Third_Party/wolfSSL_wolfSSL_wolfSSL/wolfssl/src/ssl_load.c:4177:5:wolfSSL_CTX_use_certificate_chain_buffer	24	static
../Middlewares/Third_Party/wolfSSL_wolfSSL_wolfSSL/wolfssl/src/ssl_load.c:4195:5:wolfSSL_use_certificate_buffer	56	static
../Middlewares/Third_Party/wolfSSL_wolfSSL_wolfSSL/wolfssl/src/ssl_load.c:4225:5:wolfSSL_use_PrivateKey_buffer	56	static
../Middlewares/Third_Party/wolfSSL_wolfSSL_wolfSSL/wolfssl/src/ssl_load.c:4488:5:wolfSSL_use_certificate_chain_buffer_format	56	static
../Middlewares/Third_Party/wolfSSL_wolfSSL_wolfSSL/wolfssl/src/ssl_load.c:4516:5:wolfSSL_use_certificate_chain_buffer	24	static
../Middlewares/Third_Party/wolfSSL_wolfSSL_wolfSSL/wolfssl/src/ssl_load.c:5187:12:wolfssl_set_tmp_dh	112	static
../Middlewares/Third_Party/wolfSSL_wolfSSL_wolfSSL/wolfssl/src/ssl_load.c:5262:5:wolfSSL_SetTmpDH	48	static
../Middlewares/Third_Party/wolfSSL_wolfSSL_wolfSSL/wolfssl/src/ssl_load.c:5316:12:wolfssl_check_dh_key	72	static
../Middlewares/Third_Party/wolfSSL_wolfSSL_wolfSSL/wolfssl/src/ssl_load.c:5370:12:wolfssl_ctx_set_tmp_dh	32	static
../Middlewares/Third_Party/wolfSSL_wolfSSL_wolfSSL/wolfssl/src/ssl_load.c:5423:5:wolfSSL_CTX_SetTmpDH	48	static
../Middlewares/Third_Party/wolfSSL_wolfSSL_wolfSSL/wolfssl/src/ssl_load.c:5612:12:ws_ctx_ssl_set_tmp_dh	72	static
../Middlewares/Third_Party/wolfSSL_wolfSSL_wolfSSL/wolfssl/src/ssl_load.c:5724:5:wolfSSL_SetTmpDH_buffer	32	static
../Middlewares/Third_Party/wolfSSL_wolfSSL_wolfSSL/wolfssl/src/ssl_load.c:5743:5:wolfSSL_CTX_SetTmpDH_buffer	32	static
../Middlewares/Third_Party/wolfSSL_wolfSSL_wolfSSL/wolfssl/src/ssl.c:6132:6:wolfSSL_CTX_set_verify_depth	16	static
../Middlewares/Third_Party/wolfSSL_wolfSSL_wolfSSL/wolfssl/src/ssl.c:6145:6:wolfSSL_get_verify_depth	16	static
../Middlewares/Third_Party/wolfSSL_wolfSSL_wolfSSL/wolfssl/src/ssl.c:6159:6:wolfSSL_CTX_get_verify_depth	16	static
../Middlewares/Third_Party/wolfSSL_wolfSSL_wolfSSL/wolfssl/src/ssl.c:6297:12:check_cert_key	48	static
../Middlewares/Third_Party/wolfSSL_wolfSSL_wolfSSL/wolfssl/src/ssl.c:6439:5:wolfSSL_CTX_check_private_key	64	static
../Middlewares/Third_Party/wolfSSL_wolfSSL_wolfSSL/wolfssl/src/ssl.c:8077:5:wolfSSL_CTX_SetTmpEC_DHE_Sz	16	static
../Middlewares/Third_Party/wolfSSL_wolfSSL_wolfSSL/wolfssl/src/ssl.c:8113:5:wolfSSL_SetTmpEC_DHE_Sz	16	static
../Middlewares/Third_Party/wolfSSL_wolfSSL_wolfSSL/wolfssl/src/ssl.c:8144:25:ModeToVerifyOptions	24	static
../Middlewares/Third_Party/wolfSSL_wolfSSL_wolfSSL/wolfssl/src/ssl.c:8169:6:wolfSSL_CTX_set_verify	32	static
../Middlewares/Third_Party/wolfSSL_wolfSSL_wolfSSL/wolfssl/src/ssl.c:8204:6:wolfSSL_set_verify	32	static
../Middlewares/Third_Party/wolfSSL_wolfSSL_wolfSSL/wolfssl/src/ssl.c:8225:6:wolfSSL_set_verify_result	16	static
../Middlewares/Third_Party/wolfSSL_wolfSSL_wolfSSL/wolfssl/src/ssl.c:8281:6:wolfSSL_SetCertCbCtx	16	static
../Middlewares/Third_Party/wolfSSL_wolfSSL_wolfSSL/wolfssl/src/ssl.c:8290:6:wolfSSL_CTX_SetCertCbCtx	16	static
../Middlewares/Third_Party/wolfSSL_wolfSSL_wolfSSL/wolfssl/src/ssl.c:8299:6:wolfSSL_CTX_SetCACb	16	static
../Middlewares/Third_Party/wolfSSL_wolfSSL_wolfSSL/wolfssl/src/ssl.c:8375:6:wolfSSL_load_error_strings	4	static
../Middlewares/Third_Party/wolfSSL_wolfSSL_wolfSSL/wolfssl/src/ssl.c:8381:5:wolfSSL_library_init	8	static
../Middlewares/Third_Party/wolfSSL_wolfSSL_wolfSSL/wolfssl/src/ssl.c:8725:5:wolfSSL_CTX_set_cipher_list	16	static
../Middlewares/Third_Party/wolfSSL_wolfSSL_wolfSSL/wolfssl/src/ssl.c:8760:5:wolfSSL_set_cipher_list	16	static
../Middlewares/Third_Party/wolfSSL_wolfSSL_wolfSSL/wolfssl/src/ssl.c:8920:5:wolfSSL_dtls_get_using_nonblock	24	static
../Middlewares/Third_Party/wolfSSL_wolfSSL_wolfSSL/wolfssl/src/ssl.c:8943:6:wolfSSL_dtls_set_using_nonblock	16	static
../Middlewares/Third_Party/wolfSSL_wolfSSL_wolfSSL/wolfssl/src/ssl.c:9279:21:wolfSSLv23_client_method	8	static
../Middlewares/Third_Party/wolfSSL_wolfSSL_wolfSSL/wolfssl/src/ssl.c:9283:21:wolfSSLv23_client_method_ex	24	static
../Middlewares/Third_Party/wolfSSL_wolfSSL_wolfSSL/wolfssl/src/ssl.c:9314:9:wolfSSL_connect	32	static
../Middlewares/Third_Party/wolfSSL_wolfSSL_wolfSSL/wolfssl/src/ssl.c:9784:21:wolfSSLv23_server_method	8	static
../Middlewares/Third_Party/wolfSSL_wolfSSL_wolfSSL/wolfssl/src/ssl.c:9789:21:wolfSSLv23_server_method_ex	24	static
../Middlewares/Third_Party/wolfSSL_wolfSSL_wolfSSL/wolfssl/src/ssl.c:9823:9:wolfSSL_accept	32	static
../Middlewares/Third_Party/wolfSSL_wolfSSL_wolfSSL/wolfssl/src/ssl.c:10310:5:wolfSSL_SetHsDoneCb	24	static
../Middlewares/Third_Party/wolfSSL_wolfSSL_wolfSSL/wolfssl/src/ssl.c:10326:5:wolfSSL_Cleanup	16	static
../Middlewares/Third_Party/wolfSSL_wolfSSL_wolfSSL/wolfssl/src/ssl.c:10473:5:wolfSSL_check_domain_name	24	static
../Middlewares/Third_Party/wolfSSL_wolfSSL_wolfSSL/wolfssl/src/ssl.c:10524:5:wolfSSL_set_compression	16	static
../Middlewares/Third_Party/wolfSSL_wolfSSL_wolfSSL/wolfssl/src/ssl.c:10973:9:wolfSSL_UnloadCertsKeys	16	static
../Middlewares/Third_Party/wolfSSL_wolfSSL_wolfSSL/wolfssl/src/ssl.c:11022:9:wolfSSL_CTX_UnloadCAs	16	static
../Middlewares/Third_Party/wolfSSL_wolfSSL_wolfSSL/wolfssl/src/ssl.c:11032:9:wolfSSL_CTX_UnloadIntermediateCerts	16	static
../Middlewares/Third_Party/wolfSSL_wolfSSL_wolfSSL/wolfssl/src/ssl.c:11863:9:wolfSSL_is_init_finished	16	static
../Middlewares/Third_Party/wolfSSL_wolfSSL_wolfSSL/wolfssl/src/ssl.c:11899:10:wolfSSL_CTX_get_options	16	static
../Middlewares/Third_Party/wolfSSL_wolfSSL_wolfSSL/wolfssl/src/ssl.c:11911:10:wolfSSL_CTX_set_options	16	static
../Middlewares/Third_Party/wolfSSL_wolfSSL_wolfSSL/wolfssl/src/ssl.c:11937:10:wolfSSL_CTX_clear_options	16	static
../Middlewares/Third_Party/wolfSSL_wolfSSL_wolfSSL/wolfssl/src/ssl.c:14200:5:wolfSSL_get_shutdown	24	static
../Middlewares/Third_Party/wolfSSL_wolfSSL_wolfSSL/wolfssl/src/ssl.c:14232:5:wolfSSL_session_reused	24	static
../Middlewares/Third_Party/wolfSSL_wolfSSL_wolfSSL/wolfssl/src/ssl.c:14248:20:wolfSSL_internal_get_version	16	static
../Middlewares/Third_Party/wolfSSL_wolfSSL_wolfSSL/wolfssl/src/ssl.c:14290:13:wolfSSL_get_version	16	static
../Middlewares/Third_Party/wolfSSL_wolfSSL_wolfSSL/wolfssl/src/ssl.c:14302:13:wolfSSL_lib_version	4	static
../Middlewares/Third_Party/wolfSSL_wolfSSL_wolfSSL/wolfssl/src/ssl.c:14324:8:wolfSSL_lib_version_hex	4	static
../Middlewares/Third_Party/wolfSSL_wolfSSL_wolfSSL/wolfssl/src/ssl.c:14330:5:wolfSSL_get_current_cipher_suite	16	static
../Middlewares/Third_Party/wolfSSL_wolfSSL_wolfSSL/wolfssl/src/ssl.c:14338:17:wolfSSL_get_current_cipher	16	static
../Middlewares/Third_Party/wolfSSL_wolfSSL_wolfSSL/wolfssl/src/ssl.c:14354:13:wolfSSL_CIPHER_get_name	16	static
../Middlewares/Third_Party/wolfSSL_wolfSSL_wolfSSL/wolfssl/src/ssl.c:14371:14:wolfSSL_CIPHER_get_version	16	static
../Middlewares/Third_Party/wolfSSL_wolfSSL_wolfSSL/wolfssl/src/ssl.c:14382:13:wolfSSL_get_cipher	16	static
../Middlewares/Third_Party/wolfSSL_wolfSSL_wolfSSL/wolfssl/src/ssl.c:14389:13:wolfSSL_get_cipher_name	16	static
../Middlewares/Third_Party/wolfSSL_wolfSSL_wolfSSL/wolfssl/src/ssl.c:14395:13:wolfSSL_get_cipher_name_from_suite	16	static
../Middlewares/Third_Party/wolfSSL_wolfSSL_wolfSSL/wolfssl/src/ssl.c:14401:13:wolfSSL_get_cipher_name_iana_from_suite	16	static
../Middlewares/Third_Party/wolfSSL_wolfSSL_wolfSSL/wolfssl/src/ssl.c:14407:5:wolfSSL_get_cipher_suite_from_name	32	static
../Middlewares/Third_Party/wolfSSL_wolfSSL_wolfSSL/wolfssl/src/ssl.c:14451:8:wolfSSL_CIPHER_get_id	24	static
../Middlewares/Third_Party/wolfSSL_wolfSSL_wolfSSL/wolfssl/src/ssl.c:14465:23:wolfSSL_get_cipher_by_value	24	static
../Middlewares/Third_Party/wolfSSL_wolfSSL_wolfSSL/wolfssl/src/ssl.c:14499:20:wolfssl_ffdhe_name	24	static
../Middlewares/Third_Party/wolfSSL_wolfSSL_wolfSSL/wolfssl/src/ssl.c:14529:13:wolfSSL_get_curve_name	24	static
../Middlewares/Third_Party/wolfSSL_wolfSSL_wolfSSL/wolfssl/src/ssl.c:16064:13:wolf_set_options	16	static
../Middlewares/Third_Party/wolfSSL_wolfSSL_wolfSSL/wolfssl/src/ssl.c:16118:12:FindHashSig	24	static
../Middlewares/Third_Party/wolfSSL_wolfSSL_wolfSSL/wolfssl/src/ssl.c:16136:6:wolfSSL_set_options	456	static
../Middlewares/Third_Party/wolfSSL_wolfSSL_wolfSSL/wolfssl/src/ssl.c:16258:6:wolfSSL_get_options	16	static
../Middlewares/Third_Party/wolfSSL_wolfSSL_wolfSSL/wolfssl/src/ssl.c:20662:6:wolfSSL_CTX_set_servername_callback	16	static
../Middlewares/Third_Party/wolfSSL_wolfSSL_wolfSSL/wolfssl/src/ssl.c:20670:5:wolfSSL_CTX_set_servername_arg	16	static
../Middlewares/Third_Party/wolfSSL_wolfSSL_wolfSSL/wolfssl/src/ssl.c:20718:5:wolfSSL_version	16	static
../Middlewares/Third_Party/wolfSSL_wolfSSL_wolfSSL/wolfssl/src/ssl.c:20752:14:wolfSSL_get_SSL_CTX	16	static
../Middlewares/Third_Party/wolfSSL_wolfSSL_wolfSSL/wolfssl/src/x509.c:13987:5:wolfSSL_X509_check_host	48	static
../Middlewares/Third_Party/wolfSSL_wolfSSL_wolfSSL/wolfssl/src/x509.c:14067:5:wolfSSL_X509_check_ip_asc	40	static
../Middlewares/Third_Party/wolfSSL_wolfSSL_wolfSSL/wolfssl/src/x509_str.c:57:25:wolfSSL_X509_STORE_CTX_new_ex	24	static
../Middlewares/Third_Party/wolfSSL_wolfSSL_wolfSSL/wolfssl/src/x509_str.c:87:6:wolfSSL_X509_STORE_CTX_free	16	static
