../Middlewares/Third_Party/wolfSSL_wolfSSL_wolfSSL/wolfssl/wolfssl/internal.h:6529:22:wolfSSL_curve_is_disabled	16	static
../Middlewares/Third_Party/wolfSSL_wolfSSL_wolfSSL/wolfssl/wolfcrypt/src/misc.c:105:37:rotlFixed	16	static
../Middlewares/Third_Party/wolfSSL_wolfSSL_wolfSSL/wolfssl/wolfcrypt/src/misc.c:139:33:ByteReverseWord32	16	static
../Middlewares/Third_Party/wolfSSL_wolfSSL_wolfSSL/wolfssl/wolfcrypt/src/misc.c:468:31:ForceZero	24	static
../Middlewares/Third_Party/wolfSSL_wolfSSL_wolfSSL/wolfssl/wolfcrypt/src/misc.c:520:37:min	16	static
../Middlewares/Third_Party/wolfSSL_wolfSSL_wolfSSL/wolfssl/wolfcrypt/src/misc.c:547:31:c16toa	16	static
../Middlewares/Third_Party/wolfSSL_wolfSSL_wolfSSL/wolfssl/wolfcrypt/src/misc.c:554:31:c32toa	16	static
../Middlewares/Third_Party/wolfSSL_wolfSSL_wolfSSL/wolfssl/wolfcrypt/src/misc.c:571:31:c24to32	16	static
../Middlewares/Third_Party/wolfSSL_wolfSSL_wolfSSL/wolfssl/wolfcrypt/src/misc.c:586:31:ato16	16	static
../Middlewares/Third_Party/wolfSSL_wolfSSL_wolfSSL/wolfssl/wolfcrypt/src/misc.c:592:31:ato32	16	static
../Middlewares/Third_Party/wolfSSL_wolfSSL_wolfSSL/wolfssl/src/tls.c:126:5:BuildTlsHandshakeHash	32	static
../Middlewares/Third_Party/wolfSSL_wolfSSL_wolfSSL/wolfssl/src/tls.c:176:5:BuildTlsFinished	112	static
../Middlewares/Third_Party/wolfSSL_wolfSSL_wolfSSL/wolfssl/src/tls.c:278:17:MakeTLSv1_2	16	static
../Middlewares/Third_Party/wolfSSL_wolfSSL_wolfSSL/wolfssl/src/tls.c:294:17:MakeTLSv1_3	16	static
../Middlewares/Third_Party/wolfSSL_wolfSSL_wolfSSL/wolfssl/src/tls.c:313:5:wolfSSL_CTX_set_groups	32	static
../Middlewares/Third_Party/wolfSSL_wolfSSL_wolfSSL/wolfssl/src/tls.c:358:5:wolfSSL_set_groups	32	static
../Middlewares/Third_Party/wolfSSL_wolfSSL_wolfSSL/wolfssl/src/tls.c:405:12:_DeriveTlsKeys	128	static
../Middlewares/Third_Party/wolfSSL_wolfSSL_wolfSSL/wolfssl/src/tls.c:458:5:wolfSSL_DeriveTlsKeys	48	static
../Middlewares/Third_Party/wolfSSL_wolfSSL_wolfSSL/wolfssl/src/tls.c:468:5:DeriveTlsKeys	72	static
../Middlewares/Third_Party/wolfSSL_wolfSSL_wolfSSL/wolfssl/src/tls.c:510:12:_MakeTlsMasterSecret	128	static
../Middlewares/Third_Party/wolfSSL_wolfSSL_wolfSSL/wolfssl/src/tls.c:557:5:wolfSSL_MakeTlsMasterSecret	48	static
../Middlewares/Third_Party/wolfSSL_wolfSSL_wolfSSL/wolfssl/src/tls.c:569:12:_MakeTlsExtendedMasterSecret	64	static
../Middlewares/Third_Party/wolfSSL_wolfSSL_wolfSSL/wolfssl/src/tls.c:602:5:wolfSSL_MakeTlsExtendedMasterSecret	48	static
../Middlewares/Third_Party/wolfSSL_wolfSSL_wolfSSL/wolfssl/src/tls.c:614:5:MakeTlsMasterSecret	80	static
../Middlewares/Third_Party/wolfSSL_wolfSSL_wolfSSL/wolfssl/src/tls.c:700:5:wolfSSL_make_eap_keys	72	static
../Middlewares/Third_Party/wolfSSL_wolfSSL_wolfSSL/wolfssl/src/tls.c:748:5:wolfSSL_GetHmacType	16	static
../Middlewares/Third_Party/wolfSSL_wolfSSL_wolfSSL/wolfssl/src/tls.c:757:5:wolfSSL_SetTlsHmacInner	24	static
../Middlewares/Third_Party/wolfSSL_wolfSSL_wolfSSL/wolfssl/src/tls.c:1373:5:wolfSSL_GetHmacType_ex	16	static
../Middlewares/Third_Party/wolfSSL_wolfSSL_wolfSSL/wolfssl/src/tls.c:1453:25:TLSX_ToSemaphore	16	static
../Middlewares/Third_Party/wolfSSL_wolfSSL_wolfSSL/wolfssl/src/tls.c:1500:14:TLSX_New	32	static
../Middlewares/Third_Party/wolfSSL_wolfSSL_wolfSSL/wolfssl/src/tls.c:1520:5:TLSX_Append	40	static
../Middlewares/Third_Party/wolfSSL_wolfSSL_wolfSSL/wolfssl/src/tls.c:1552:5:TLSX_Push	32	static
../Middlewares/Third_Party/wolfSSL_wolfSSL_wolfSSL/wolfssl/src/tls.c:1587:5:TLSX_CheckUnsupportedExtension	24	static
../Middlewares/Third_Party/wolfSSL_wolfSSL_wolfSSL/wolfssl/src/tls.c:1599:5:TLSX_HandleUnsupportedExtension	16	static
../Middlewares/Third_Party/wolfSSL_wolfSSL_wolfSSL/wolfssl/src/tls.c:1616:6:TLSX_SetResponse	24	static
../Middlewares/Third_Party/wolfSSL_wolfSSL_wolfSSL/wolfssl/src/tls.c:2076:13:TLSX_SNI_New	32	static
../Middlewares/Third_Party/wolfSSL_wolfSSL_wolfSSL/wolfssl/src/tls.c:2114:13:TLSX_SNI_Free	16	static
../Middlewares/Third_Party/wolfSSL_wolfSSL_wolfSSL/wolfssl/src/tls.c:2129:13:TLSX_SNI_FreeAll	24	static
../Middlewares/Third_Party/wolfSSL_wolfSSL_wolfSSL/wolfssl/src/tls.c:2140:15:TLSX_SNI_GetSize	24	static
../Middlewares/Third_Party/wolfSSL_wolfSSL_wolfSSL/wolfssl/src/tls.c:2161:15:TLSX_SNI_Write	24	static
../Middlewares/Third_Party/wolfSSL_wolfSSL_wolfSSL/wolfssl/src/tls.c:2192:13:TLSX_SNI_Find	24	static
../Middlewares/Third_Party/wolfSSL_wolfSSL_wolfSSL/wolfssl/src/tls.c:2204:13:TLSX_SNI_SetStatus	24	static
../Middlewares/Third_Party/wolfSSL_wolfSSL_wolfSSL/wolfssl/src/tls.c:2215:6:TLSX_SNI_Status	24	static
../Middlewares/Third_Party/wolfSSL_wolfSSL_wolfSSL/wolfssl/src/tls.c:2227:12:TLSX_SNI_Parse	72	static
../Middlewares/Third_Party/wolfSSL_wolfSSL_wolfSSL/wolfssl/src/tls.c:2392:12:TLSX_SNI_VerifyParse	40	static
../Middlewares/Third_Party/wolfSSL_wolfSSL_wolfSSL/wolfssl/src/tls.c:2439:5:TLSX_UseSNI	40	static
../Middlewares/Third_Party/wolfSSL_wolfSSL_wolfSSL/wolfssl/src/tls.c:2487:8:TLSX_SNI_GetRequest	32	static
../Middlewares/Third_Party/wolfSSL_wolfSSL_wolfSSL/wolfssl/src/tls.c:2507:6:TLSX_SNI_SetOptions	24	static
../Middlewares/Third_Party/wolfSSL_wolfSSL_wolfSSL/wolfssl/src/tls.c:2517:5:TLSX_SNI_GetFromBuffer	48	static
../Middlewares/Third_Party/wolfSSL_wolfSSL_wolfSSL/wolfssl/src/tls.c:4358:12:TLSX_SupportedCurve_New	24	static
../Middlewares/Third_Party/wolfSSL_wolfSSL_wolfSSL/wolfssl/src/tls.c:4377:12:TLSX_PointFormat_New	24	static
../Middlewares/Third_Party/wolfSSL_wolfSSL_wolfSSL/wolfssl/src/tls.c:4395:13:TLSX_SupportedCurve_FreeAll	24	static
../Middlewares/Third_Party/wolfSSL_wolfSSL_wolfSSL/wolfssl/src/tls.c:4406:13:TLSX_PointFormat_FreeAll	24	static
../Middlewares/Third_Party/wolfSSL_wolfSSL_wolfSSL/wolfssl/src/tls.c:4417:12:TLSX_SupportedCurve_Append	32	static
../Middlewares/Third_Party/wolfSSL_wolfSSL_wolfSSL/wolfssl/src/tls.c:4439:12:TLSX_PointFormat_Append	32	static
../Middlewares/Third_Party/wolfSSL_wolfSSL_wolfSSL/wolfssl/src/tls.c:4464:13:TLSX_SupportedCurve_ValidateRequest	16	static
../Middlewares/Third_Party/wolfSSL_wolfSSL_wolfSSL/wolfssl/src/tls.c:4519:13:TLSX_PointFormat_ValidateRequest	16	static
../Middlewares/Third_Party/wolfSSL_wolfSSL_wolfSSL/wolfssl/src/tls.c:4567:13:TLSX_PointFormat_ValidateResponse	24	static
../Middlewares/Third_Party/wolfSSL_wolfSSL_wolfSSL/wolfssl/src/tls.c:4607:15:TLSX_SupportedCurve_GetSize	24	static
../Middlewares/Third_Party/wolfSSL_wolfSSL_wolfSSL/wolfssl/src/tls.c:4622:15:TLSX_PointFormat_GetSize	24	static
../Middlewares/Third_Party/wolfSSL_wolfSSL_wolfSSL/wolfssl/src/tls.c:4637:15:TLSX_SupportedCurve_Write	24	static
../Middlewares/Third_Party/wolfSSL_wolfSSL_wolfSSL/wolfssl/src/tls.c:4654:15:TLSX_PointFormat_Write	24	static
../Middlewares/Third_Party/wolfSSL_wolfSSL_wolfSSL/wolfssl/src/tls.c:4671:5:TLSX_SupportedCurve_Parse	40	static
../Middlewares/Third_Party/wolfSSL_wolfSSL_wolfSSL/wolfssl/src/tls.c:4748:5:TLSX_SupportedCurve_CheckPriority	40	static
../Middlewares/Third_Party/wolfSSL_wolfSSL_wolfSSL/wolfssl/src/tls.c:4804:12:tlsx_ffdhe_find_group	40	static
../Middlewares/Third_Party/wolfSSL_wolfSSL_wolfSSL/wolfssl/src/tls.c:4977:5:TLSX_SupportedFFDHE_Set	48	static
../Middlewares/Third_Party/wolfSSL_wolfSSL_wolfSSL/wolfssl/src/tls.c:5039:5:TLSX_SupportedCurve_Preferred	24	static
../Middlewares/Third_Party/wolfSSL_wolfSSL_wolfSSL/wolfssl/src/tls.c:5062:12:TLSX_PointFormat_Parse	32	static
../Middlewares/Third_Party/wolfSSL_wolfSSL_wolfSSL/wolfssl/src/tls.c:5085:5:TLSX_ValidateSupportedCurves	72	static
../Middlewares/Third_Party/wolfSSL_wolfSSL_wolfSSL/wolfssl/src/tls.c:5443:5:TLSX_SupportedCurve_Copy	40	static
../Middlewares/Third_Party/wolfSSL_wolfSSL_wolfSSL/wolfssl/src/tls.c:5462:5:TLSX_UseSupportedCurve	40	static
../Middlewares/Third_Party/wolfSSL_wolfSSL_wolfSSL/wolfssl/src/tls.c:5501:5:TLSX_UsePointFormat	40	static
../Middlewares/Third_Party/wolfSSL_wolfSSL_wolfSSL/wolfssl/src/tls.c:6373:22:versionIsGreater	16	static
../Middlewares/Third_Party/wolfSSL_wolfSSL_wolfSSL/wolfssl/src/tls.c:6386:22:versionIsLesser	16	static
../Middlewares/Third_Party/wolfSSL_wolfSSL_wolfSSL/wolfssl/src/tls.c:6399:22:versionIsAtLeast	16	static
../Middlewares/Third_Party/wolfSSL_wolfSSL_wolfSSL/wolfssl/src/tls.c:6412:22:versionIsLessEqual	16	static
../Middlewares/Third_Party/wolfSSL_wolfSSL_wolfSSL/wolfssl/src/tls.c:6431:12:TLSX_SupportedVersions_GetSize	40	static
../Middlewares/Third_Party/wolfSSL_wolfSSL_wolfSSL/wolfssl/src/tls.c:6514:12:TLSX_SupportedVersions_Write	40	static
../Middlewares/Third_Party/wolfSSL_wolfSSL_wolfSSL/wolfssl/src/tls.c:6632:5:TLSX_SupportedVersions_Parse	56	static
../Middlewares/Third_Party/wolfSSL_wolfSSL_wolfSSL/wolfssl/src/tls.c:6797:12:TLSX_SetSupportedVersions	24	static
../Middlewares/Third_Party/wolfSSL_wolfSSL_wolfSSL/wolfssl/src/tls.c:7194:15:TLSX_SignatureAlgorithms_GetSize	24	static
../Middlewares/Third_Party/wolfSSL_wolfSSL_wolfSSL/wolfssl/src/tls.c:7214:12:TLSX_SignatureAlgorithms_MapPss	32	static
../Middlewares/Third_Party/wolfSSL_wolfSSL_wolfSSL/wolfssl/src/tls.c:7243:15:TLSX_SignatureAlgorithms_Write	32	static
../Middlewares/Third_Party/wolfSSL_wolfSSL_wolfSSL/wolfssl/src/tls.c:7277:12:TLSX_SignatureAlgorithms_Parse	32	static
../Middlewares/Third_Party/wolfSSL_wolfSSL_wolfSSL/wolfssl/src/tls.c:7318:12:TLSX_SetSignatureAlgorithms	32	static
../Middlewares/Third_Party/wolfSSL_wolfSSL_wolfSSL/wolfssl/src/tls.c:7341:22:TLSX_SignatureAlgorithms_New	32	static
../Middlewares/Third_Party/wolfSSL_wolfSSL_wolfSSL/wolfssl/src/tls.c:7357:6:TLSX_SignatureAlgorithms_FreeAll	16	static
../Middlewares/Third_Party/wolfSSL_wolfSSL_wolfSSL/wolfssl/src/tls.c:7379:15:TLSX_SignatureAlgorithmsCert_GetSize	24	static
../Middlewares/Third_Party/wolfSSL_wolfSSL_wolfSSL/wolfssl/src/tls.c:7392:15:TLSX_SignatureAlgorithmsCert_Write	24	static
../Middlewares/Third_Party/wolfSSL_wolfSSL_wolfSSL/wolfssl/src/tls.c:7410:12:TLSX_SignatureAlgorithmsCert_Parse	32	static
../Middlewares/Third_Party/wolfSSL_wolfSSL_wolfSSL/wolfssl/src/tls.c:7447:12:TLSX_SetSignatureAlgorithmsCert	24	static
../Middlewares/Third_Party/wolfSSL_wolfSSL_wolfSSL/wolfssl/src/tls.c:7474:12:TLSX_KeyShare_GenDhKey	48	static
../Middlewares/Third_Party/wolfSSL_wolfSSL_wolfSSL/wolfssl/src/tls.c:7656:12:TLSX_KeyShare_GenX25519Key	24	static
../Middlewares/Third_Party/wolfSSL_wolfSSL_wolfSSL/wolfssl/src/tls.c:7743:12:TLSX_KeyShare_GenX448Key	24	static
../Middlewares/Third_Party/wolfSSL_wolfSSL_wolfSSL/wolfssl/src/tls.c:7827:12:TLSX_KeyShare_GenEccKey	32	static
../Middlewares/Third_Party/wolfSSL_wolfSSL_wolfSSL/wolfssl/src/tls.c:8187:5:TLSX_KeyShare_GenKey	24	static
../Middlewares/Third_Party/wolfSSL_wolfSSL_wolfSSL/wolfssl/src/tls.c:8214:13:TLSX_KeyShare_FreeAll	24	static
../Middlewares/Third_Party/wolfSSL_wolfSSL_wolfSSL/wolfssl/src/tls.c:8272:15:TLSX_KeyShare_GetSize	24	static
../Middlewares/Third_Party/wolfSSL_wolfSSL_wolfSSL/wolfssl/src/tls.c:8305:15:TLSX_KeyShare_Write	32	static
../Middlewares/Third_Party/wolfSSL_wolfSSL_wolfSSL/wolfssl/src/tls.c:8348:12:TLSX_KeyShare_ProcessDh	80	static
../Middlewares/Third_Party/wolfSSL_wolfSSL_wolfSSL/wolfssl/src/tls.c:8483:12:TLSX_KeyShare_ProcessX25519	24	static
../Middlewares/Third_Party/wolfSSL_wolfSSL_wolfSSL/wolfssl/src/tls.c:8562:12:TLSX_KeyShare_ProcessX448	24	static
../Middlewares/Third_Party/wolfSSL_wolfSSL_wolfSSL/wolfssl/src/tls.c:8640:12:TLSX_KeyShare_ProcessEcc	56	static
../Middlewares/Third_Party/wolfSSL_wolfSSL_wolfSSL/wolfssl/src/tls.c:8953:12:TLSX_KeyShare_Process	24	static
../Middlewares/Third_Party/wolfSSL_wolfSSL_wolfSSL/wolfssl/src/tls.c:9000:12:TLSX_KeyShareEntry_Parse	48	static
../Middlewares/Third_Party/wolfSSL_wolfSSL_wolfSSL/wolfssl/src/tls.c:9057:12:TLSX_KeyShare_Find	24	static
../Middlewares/Third_Party/wolfSSL_wolfSSL_wolfSSL/wolfssl/src/tls.c:9086:12:TLSX_SupportedGroups_Find	32	static
../Middlewares/Third_Party/wolfSSL_wolfSSL_wolfSSL/wolfssl/src/tls.c:9112:5:TLSX_KeyShare_Parse_ClientHello	48	static
../Middlewares/Third_Party/wolfSSL_wolfSSL_wolfSSL/wolfssl/src/tls.c:9161:5:TLSX_KeyShare_Parse	48	static
../Middlewares/Third_Party/wolfSSL_wolfSSL_wolfSSL/wolfssl/src/tls.c:9265:12:TLSX_KeyShare_New	32	static
../Middlewares/Third_Party/wolfSSL_wolfSSL_wolfSSL/wolfssl/src/tls.c:9461:5:TLSX_KeyShare_Use	40	static
../Middlewares/Third_Party/wolfSSL_wolfSSL_wolfSSL/wolfssl/src/tls.c:9535:5:TLSX_KeyShare_Empty	24	static
../Middlewares/Third_Party/wolfSSL_wolfSSL_wolfSSL/wolfssl/src/tls.c:9559:12:TLSX_KeyShare_IsSupported	16	static
../Middlewares/Third_Party/wolfSSL_wolfSSL_wolfSSL/wolfssl/src/tls.c:9784:12:TLSX_KeyShare_GroupRank	32	static
../Middlewares/Third_Party/wolfSSL_wolfSSL_wolfSSL/wolfssl/src/tls.c:9817:5:TLSX_KeyShare_SetSupported	48	static
../Middlewares/Third_Party/wolfSSL_wolfSSL_wolfSSL/wolfssl/src/tls.c:10007:5:TLSX_KeyShare_Choose	56	static
../Middlewares/Third_Party/wolfSSL_wolfSSL_wolfSSL/wolfssl/src/tls.c:10099:5:TLSX_KeyShare_Setup	32	static
../Middlewares/Third_Party/wolfSSL_wolfSSL_wolfSSL/wolfssl/src/tls.c:10195:5:TLSX_KeyShare_Establish	40	static
../Middlewares/Third_Party/wolfSSL_wolfSSL_wolfSSL/wolfssl/src/tls.c:10223:5:TLSX_KeyShare_DeriveSecret	32	static
../Middlewares/Third_Party/wolfSSL_wolfSSL_wolfSSL/wolfssl/src/tls.c:10275:13:TLSX_PreSharedKey_FreeAll	24	static
../Middlewares/Third_Party/wolfSSL_wolfSSL_wolfSSL/wolfssl/src/tls.c:10295:12:TLSX_PreSharedKey_GetSize	32	static
../Middlewares/Third_Party/wolfSSL_wolfSSL_wolfSSL/wolfssl/src/tls.c:10327:5:TLSX_PreSharedKey_GetSizeBinders	32	static
../Middlewares/Third_Party/wolfSSL_wolfSSL_wolfSSL/wolfssl/src/tls.c:10356:5:TLSX_PreSharedKey_WriteBinders	40	static
../Middlewares/Third_Party/wolfSSL_wolfSSL_wolfSSL/wolfssl/src/tls.c:10398:12:TLSX_PreSharedKey_Write	48	static
../Middlewares/Third_Party/wolfSSL_wolfSSL_wolfSSL/wolfssl/src/tls.c:10463:5:TLSX_PreSharedKey_Parse_ClientHello	80	static
../Middlewares/Third_Party/wolfSSL_wolfSSL_wolfSSL/wolfssl/src/tls.c:10566:12:TLSX_PreSharedKey_Parse	40	static
../Middlewares/Third_Party/wolfSSL_wolfSSL_wolfSSL/wolfssl/src/tls.c:10633:12:TLSX_PreSharedKey_New	32	static
../Middlewares/Third_Party/wolfSSL_wolfSSL_wolfSSL/wolfssl/src/tls.c:10671:23:GetHmacLength	16	static
../Middlewares/Third_Party/wolfSSL_wolfSSL_wolfSSL/wolfssl/src/tls.c:10709:5:TLSX_PreSharedKey_Use	48	static
../Middlewares/Third_Party/wolfSSL_wolfSSL_wolfSSL/wolfssl/src/tls.c:10789:12:TLSX_PskKeModes_GetSize	24	static
../Middlewares/Third_Party/wolfSSL_wolfSSL_wolfSSL/wolfssl/src/tls.c:10816:12:TLSX_PskKeModes_Write	32	static
../Middlewares/Third_Party/wolfSSL_wolfSSL_wolfSSL/wolfssl/src/tls.c:10839:5:TLSX_PskKeyModes_Parse_Modes	32	static
../Middlewares/Third_Party/wolfSSL_wolfSSL_wolfSSL/wolfssl/src/tls.c:10882:12:TLSX_PskKeModes_Parse	32	static
../Middlewares/Third_Party/wolfSSL_wolfSSL_wolfSSL/wolfssl/src/tls.c:10905:5:TLSX_PskKeyModes_Use	24	static
../Middlewares/Third_Party/wolfSSL_wolfSSL_wolfSSL/wolfssl/src/tls.c:11811:7:TLSX_Find	24	static
../Middlewares/Third_Party/wolfSSL_wolfSSL_wolfSSL/wolfssl/src/tls.c:11822:6:TLSX_Remove	32	static
../Middlewares/Third_Party/wolfSSL_wolfSSL_wolfSSL/wolfssl/src/tls.c:12538:6:TLSX_FreeAll	24	static
../Middlewares/Third_Party/wolfSSL_wolfSSL_wolfSSL/wolfssl/src/tls.c:12729:5:TLSX_SupportExtensions	16	static
../Middlewares/Third_Party/wolfSSL_wolfSSL_wolfSSL/wolfssl/src/tls.c:12734:12:TLSX_GetSize	48	static
../Middlewares/Third_Party/wolfSSL_wolfSSL_wolfSSL/wolfssl/src/tls.c:12929:12:TLSX_Write	48	static
../Middlewares/Third_Party/wolfSSL_wolfSSL_wolfSSL/wolfssl/src/tls.c:13189:12:TLSX_PopulateSupportedGroups	24	static
../Middlewares/Third_Party/wolfSSL_wolfSSL_wolfSSL/wolfssl/src/tls.c:13432:5:TLSX_PopulateExtensions	128	static
../Middlewares/Third_Party/wolfSSL_wolfSSL_wolfSSL/wolfssl/src/tls.c:13974:5:TLSX_GetRequestSize	48	static
../Middlewares/Third_Party/wolfSSL_wolfSSL_wolfSSL/wolfssl/src/tls.c:14205:5:TLSX_WriteRequest	56	static
../Middlewares/Third_Party/wolfSSL_wolfSSL_wolfSSL/wolfssl/src/tls.c:14351:5:TLSX_GetResponseSize	48	static
../Middlewares/Third_Party/wolfSSL_wolfSSL_wolfSSL/wolfssl/src/tls.c:14493:5:TLSX_WriteResponse	56	static
../Middlewares/Third_Party/wolfSSL_wolfSSL_wolfSSL/wolfssl/src/tls.c:14659:5:TLSX_ParseVersion	64	static
../Middlewares/Third_Party/wolfSSL_wolfSSL_wolfSSL/wolfssl/src/tls.c:14704:15:TLSX_GetMinSize_Client	16	static
../Middlewares/Third_Party/wolfSSL_wolfSSL_wolfSSL/wolfssl/src/tls.c:14773:15:TLSX_GetMinSize_Server	16	static
../Middlewares/Third_Party/wolfSSL_wolfSSL_wolfSSL/wolfssl/src/tls.c:14841:5:TLSX_Parse	72	static
../Middlewares/Third_Party/wolfSSL_wolfSSL_wolfSSL/wolfssl/src/tls.c:15511:21:wolfTLS_client_method	8	static
../Middlewares/Third_Party/wolfSSL_wolfSSL_wolfSSL/wolfssl/src/tls.c:15515:21:wolfTLS_client_method_ex	24	static
../Middlewares/Third_Party/wolfSSL_wolfSSL_wolfSSL/wolfssl/src/tls.c:15579:21:wolfTLSv1_2_client_method	8	static
../Middlewares/Third_Party/wolfSSL_wolfSSL_wolfSSL/wolfssl/src/tls.c:15583:21:wolfTLSv1_2_client_method_ex	24	static
../Middlewares/Third_Party/wolfSSL_wolfSSL_wolfSSL/wolfssl/src/tls.c:15602:21:wolfTLSv1_3_client_method	8	static
../Middlewares/Third_Party/wolfSSL_wolfSSL_wolfSSL/wolfssl/src/tls.c:15612:21:wolfTLSv1_3_client_method_ex	24	static
../Middlewares/Third_Party/wolfSSL_wolfSSL_wolfSSL/wolfssl/src/tls.c:15885:21:wolfTLS_server_method	8	static
../Middlewares/Third_Party/wolfSSL_wolfSSL_wolfSSL/wolfssl/src/tls.c:15890:21:wolfTLS_server_method_ex	24	static
../Middlewares/Third_Party/wolfSSL_wolfSSL_wolfSSL/wolfssl/src/tls.c:15959:21:wolfTLSv1_2_server_method	8	static
../Middlewares/Third_Party/wolfSSL_wolfSSL_wolfSSL/wolfssl/src/tls.c:15963:21:wolfTLSv1_2_server_method_ex	24	static
../Middlewares/Third_Party/wolfSSL_wolfSSL_wolfSSL/wolfssl/src/tls.c:15984:21:wolfTLSv1_3_server_method	8	static
../Middlewares/Third_Party/wolfSSL_wolfSSL_wolfSSL/wolfssl/src/tls.c:15994:21:wolfTLSv1_3_server_method_ex	24	static
